Component: ARM Compiler 5.06 update 1 (build 61) Tool: armlink [4d35a8]

==============================================================================

Section Cross References

    startup_stm32f103xb.o(RESET) refers to startup_stm32f103xb.o(STACK) for __initial_sp
    startup_stm32f103xb.o(RESET) refers to startup_stm32f103xb.o(.text) for Reset_Handler
    startup_stm32f103xb.o(RESET) refers to stm32f1xx_it.o(i.NMI_Handler) for NMI_Handler
    startup_stm32f103xb.o(RESET) refers to stm32f1xx_it.o(i.HardFault_Handler) for HardFault_Handler
    startup_stm32f103xb.o(RESET) refers to stm32f1xx_it.o(i.MemManage_Handler) for MemManage_Handler
    startup_stm32f103xb.o(RESET) refers to stm32f1xx_it.o(i.BusFault_Handler) for BusFault_Handler
    startup_stm32f103xb.o(RESET) refers to stm32f1xx_it.o(i.UsageFault_Handler) for UsageFault_Handler
    startup_stm32f103xb.o(RESET) refers to stm32f1xx_it.o(i.SVC_Handler) for SVC_Handler
    startup_stm32f103xb.o(RESET) refers to stm32f1xx_it.o(i.DebugMon_Handler) for DebugMon_Handler
    startup_stm32f103xb.o(RESET) refers to stm32f1xx_it.o(i.PendSV_Handler) for PendSV_Handler
    startup_stm32f103xb.o(RESET) refers to stm32f1xx_it.o(i.SysTick_Handler) for SysTick_Handler
    startup_stm32f103xb.o(.text) refers to system_stm32f1xx.o(i.SystemInit) for SystemInit
    startup_stm32f103xb.o(.text) refers to entry.o(.ARM.Collect$$$$00000000) for __main
    main.o(i.SystemClock_Config) refers to memseta.o(.text) for __aeabi_memclr4
    main.o(i.SystemClock_Config) refers to stm32f1xx_hal_rcc.o(i.HAL_RCC_OscConfig) for HAL_RCC_OscConfig
    main.o(i.SystemClock_Config) refers to stm32f1xx_hal_rcc.o(i.HAL_RCC_ClockConfig) for HAL_RCC_ClockConfig
    main.o(i.main) refers to stm32f1xx_hal.o(i.HAL_Init) for HAL_Init
    main.o(i.main) refers to main.o(i.SystemClock_Config) for SystemClock_Config
    main.o(i.main) refers to gpio.o(i.MX_GPIO_Init) for MX_GPIO_Init
    main.o(i.main) refers to spi.o(i.MX_SPI1_Init) for MX_SPI1_Init
    main.o(i.main) refers to oled_basic.o(i.InitGraph) for InitGraph
    main.o(i.main) refers to oled_draw.o(i.DrawBitmap) for DrawBitmap
    main.o(i.main) refers to oled_basic.o(i.UpdateScreen) for UpdateScreen
    main.o(i.main) refers to stm32f1xx_hal_gpio.o(i.HAL_GPIO_TogglePin) for HAL_GPIO_TogglePin
    main.o(i.main) refers to stm32f1xx_hal.o(i.HAL_Delay) for HAL_Delay
    main.o(i.main) refers to oled_bmp.o(.constdata) for Smile
    gpio.o(i.MX_GPIO_Init) refers to stm32f1xx_hal_gpio.o(i.HAL_GPIO_WritePin) for HAL_GPIO_WritePin
    gpio.o(i.MX_GPIO_Init) refers to stm32f1xx_hal_gpio.o(i.HAL_GPIO_Init) for HAL_GPIO_Init
    spi.o(i.HAL_SPI_MspDeInit) refers to stm32f1xx_hal_gpio.o(i.HAL_GPIO_DeInit) for HAL_GPIO_DeInit
    spi.o(i.HAL_SPI_MspInit) refers to stm32f1xx_hal_gpio.o(i.HAL_GPIO_Init) for HAL_GPIO_Init
    spi.o(i.MX_SPI1_Init) refers to stm32f1xx_hal_spi.o(i.HAL_SPI_Init) for HAL_SPI_Init
    spi.o(i.MX_SPI1_Init) refers to main.o(i.Error_Handler) for Error_Handler
    spi.o(i.MX_SPI1_Init) refers to spi.o(.bss) for .bss
    stm32f1xx_it.o(i.SysTick_Handler) refers to stm32f1xx_hal.o(i.HAL_IncTick) for HAL_IncTick
    stm32f1xx_hal_spi.o(i.HAL_SPI_Abort) refers to stm32f1xx_hal_dma.o(i.HAL_DMA_Abort) for HAL_DMA_Abort
    stm32f1xx_hal_spi.o(i.HAL_SPI_Abort) refers to system_stm32f1xx.o(.data) for SystemCoreClock
    stm32f1xx_hal_spi.o(i.HAL_SPI_Abort) refers to stm32f1xx_hal_spi.o(i.SPI_AbortTx_ISR) for SPI_AbortTx_ISR
    stm32f1xx_hal_spi.o(i.HAL_SPI_Abort) refers to stm32f1xx_hal_spi.o(i.SPI_AbortRx_ISR) for SPI_AbortRx_ISR
    stm32f1xx_hal_spi.o(i.HAL_SPI_Abort_IT) refers to stm32f1xx_hal_dma.o(i.HAL_DMA_Abort_IT) for HAL_DMA_Abort_IT
    stm32f1xx_hal_spi.o(i.HAL_SPI_Abort_IT) refers to stm32f1xx_hal_spi.o(i.HAL_SPI_AbortCpltCallback) for HAL_SPI_AbortCpltCallback
    stm32f1xx_hal_spi.o(i.HAL_SPI_Abort_IT) refers to system_stm32f1xx.o(.data) for SystemCoreClock
    stm32f1xx_hal_spi.o(i.HAL_SPI_Abort_IT) refers to stm32f1xx_hal_spi.o(i.SPI_AbortTx_ISR) for SPI_AbortTx_ISR
    stm32f1xx_hal_spi.o(i.HAL_SPI_Abort_IT) refers to stm32f1xx_hal_spi.o(i.SPI_AbortRx_ISR) for SPI_AbortRx_ISR
    stm32f1xx_hal_spi.o(i.HAL_SPI_Abort_IT) refers to stm32f1xx_hal_spi.o(i.SPI_DMATxAbortCallback) for SPI_DMATxAbortCallback
    stm32f1xx_hal_spi.o(i.HAL_SPI_Abort_IT) refers to stm32f1xx_hal_spi.o(i.SPI_DMARxAbortCallback) for SPI_DMARxAbortCallback
    stm32f1xx_hal_spi.o(i.HAL_SPI_DMAStop) refers to stm32f1xx_hal_dma.o(i.HAL_DMA_Abort) for HAL_DMA_Abort
    stm32f1xx_hal_spi.o(i.HAL_SPI_DeInit) refers to spi.o(i.HAL_SPI_MspDeInit) for HAL_SPI_MspDeInit
    stm32f1xx_hal_spi.o(i.HAL_SPI_IRQHandler) refers to stm32f1xx_hal_dma.o(i.HAL_DMA_Abort_IT) for HAL_DMA_Abort_IT
    stm32f1xx_hal_spi.o(i.HAL_SPI_IRQHandler) refers to stm32f1xx_hal_spi.o(i.HAL_SPI_ErrorCallback) for HAL_SPI_ErrorCallback
    stm32f1xx_hal_spi.o(i.HAL_SPI_IRQHandler) refers to stm32f1xx_hal_spi.o(i.SPI_DMAAbortOnError) for SPI_DMAAbortOnError
[...]
    oled_draw.o(i.DrawEllipseRect) refers to oled_draw.o(i.DrawPixel) for DrawPixel
    oled_draw.o(i.DrawFastHLine) refers to oled_color.o(i.GetDrawColor) for GetDrawColor
    oled_draw.o(i.DrawFastHLine) refers to oled_buffer.o(i.SetPointBuffer) for SetPointBuffer
    oled_draw.o(i.DrawFastVLine) refers to oled_color.o(i.GetDrawColor) for GetDrawColor
    oled_draw.o(i.DrawFastVLine) refers to oled_buffer.o(i.SetPointBuffer) for SetPointBuffer
    oled_draw.o(i.DrawFillCircle) refers to oled_draw.o(i.DrawFastVLine) for DrawFastVLine
    oled_draw.o(i.DrawFillCircle) refers to oled_draw.o(i.DrawFillCircleHelper) for DrawFillCircleHelper
    oled_draw.o(i.DrawFillCircleHelper) refers to oled_color.o(i.GetDrawColor) for GetDrawColor
    oled_draw.o(i.DrawFillCircleHelper) refers to oled_draw.o(i.DrawFastVLine) for DrawFastVLine
    oled_draw.o(i.DrawFillEllipse) refers to oled_draw.o(i.DrawFastVLine) for DrawFastVLine
    oled_draw.o(i.DrawFillRect1) refers to oled_draw.o(i.DrawRect1) for DrawRect1
    oled_draw.o(i.DrawFillRect1) refers to oled_basic.o(i.FillRect) for FillRect
    oled_draw.o(i.DrawFillRect2) refers to oled_draw.o(i.DrawRect2) for DrawRect2
    oled_draw.o(i.DrawFillRect2) refers to oled_basic.o(i.FillRect) for FillRect
    oled_draw.o(i.DrawFillTriangle) refers to oled_color.o(i.GetDrawColor) for GetDrawColor
    oled_draw.o(i.DrawFillTriangle) refers to oled_color.o(i.GetFillColor) for GetFillColor
    oled_draw.o(i.DrawFillTriangle) refers to oled_color.o(i.SetDrawColor) for SetDrawColor
    oled_draw.o(i.DrawFillTriangle) refers to oled_draw.o(i.DrawFastHLine) for DrawFastHLine
    oled_draw.o(i.DrawLine) refers to oled_color.o(i.GetDrawColor) for GetDrawColor
    oled_draw.o(i.DrawLine) refers to oled_buffer.o(i.SetPointBuffer) for SetPointBuffer
    oled_draw.o(i.DrawNum) refers to oled_font.o(i.GetFontSize) for GetFontSize
    oled_draw.o(i.DrawNum) refers to oled_basic.o(i.oled_pow) for oled_pow
    oled_draw.o(i.DrawNum) refers to oled_draw.o(i.DrawChar) for DrawChar
    oled_draw.o(i.DrawPixel) refers to oled_color.o(i.GetDrawColor) for GetDrawColor
    oled_draw.o(i.DrawPixel) refers to oled_buffer.o(i.SetPointBuffer) for SetPointBuffer
    oled_draw.o(i.DrawPolyLineTo) refers to oled_draw.o(i.MoveTo) for MoveTo
    oled_draw.o(i.DrawPolyLineTo) refers to oled_draw.o(i.LineTo) for LineTo
    oled_draw.o(i.DrawRect1) refers to oled_draw.o(i.DrawLine) for DrawLine
    oled_draw.o(i.DrawRect2) refers to oled_draw.o(i.DrawLine) for DrawLine
    oled_draw.o(i.DrawRoundRect) refers to oled_draw.o(i.DrawFastHLine) for DrawFastHLine
    oled_draw.o(i.DrawRoundRect) refers to oled_draw.o(i.DrawFastVLine) for DrawFastVLine
    oled_draw.o(i.DrawRoundRect) refers to oled_draw.o(i.DrawCircleHelper) for DrawCircleHelper
    oled_draw.o(i.DrawSlowBitmap) refers to oled_basic.o(i.pgm_read_byte) for pgm_read_byte
    oled_draw.o(i.DrawSlowBitmap) refers to oled_color.o(i.GetDrawColor) for GetDrawColor
    oled_draw.o(i.DrawSlowBitmap) refers to oled_buffer.o(i.SetPointBuffer) for SetPointBuffer
    oled_draw.o(i.DrawString) refers to oled_font.o(i.GetFontSize) for GetFontSize
    oled_draw.o(i.DrawString) refers to oled_draw.o(i.DrawChar) for DrawChar
    oled_draw.o(i.DrawTriangle) refers to oled_draw.o(i.DrawLine) for DrawLine
    oled_draw.o(i.DrawfillRoundRect) refers to oled_draw.o(i.DrawFillRect2) for DrawFillRect2
    oled_draw.o(i.DrawfillRoundRect) refers to oled_draw.o(i.DrawFillCircleHelper) for DrawFillCircleHelper
    oled_draw.o(i.GetPixel) refers to oled_buffer.o(i.GetPointBuffer) for GetPointBuffer
    oled_draw.o(i.GetX) refers to oled_draw.o(.data) for .data
    oled_draw.o(i.GetXY) refers to oled_draw.o(.data) for .data
    oled_draw.o(i.GetY) refers to oled_draw.o(.data) for .data
    oled_draw.o(i.LineTo) refers to oled_draw.o(i.DrawLine) for DrawLine
    oled_draw.o(i.LineTo) refers to oled_draw.o(.data) for .data
    oled_draw.o(i.MoveTo) refers to oled_draw.o(.data) for .data
    oled_driver.o(i.OLED_CLS) refers to oled_driver.o(i.WriteCmd) for WriteCmd
    oled_driver.o(i.OLED_CLS) refers to oled_driver.o(i.WriteDat) for WriteDat
    oled_driver.o(i.OLED_FILL) refers to oled_driver.o(i.WriteCmd) for WriteCmd
    oled_driver.o(i.OLED_FILL) refers to oled_driver.o(i.WriteDat) for WriteDat
    oled_driver.o(i.OLED_Init) refers to oled_driver.o(i.WriteCmd) for WriteCmd
    oled_driver.o(i.OLED_Init) refers to oled_driver.o(i.OLED_CLS) for OLED_CLS
    oled_driver.o(i.OLED_OFF) refers to oled_driver.o(i.WriteCmd) for WriteCmd
    oled_driver.o(i.OLED_ON) refers to oled_driver.o(i.WriteCmd) for WriteCmd
    oled_driver.o(i.SPI_Configuration) refers to stm32f1xx_hal_gpio.o(i.HAL_GPIO_WritePin) for HAL_GPIO_WritePin
    oled_driver.o(i.SPI_Configuration) refers to stm32f1xx_hal.o(i.HAL_Delay) for HAL_Delay
    oled_driver.o(i.SPI_WriterByte) refers to stm32f1xx_hal_spi.o(i.HAL_SPI_Transmit) for HAL_SPI_Transmit
    oled_driver.o(i.SPI_WriterByte) refers to spi.o(.bss) for hspi1
    oled_driver.o(i.WriteCmd) refers to stm32f1xx_hal_gpio.o(i.HAL_GPIO_WritePin) for HAL_GPIO_WritePin
    oled_driver.o(i.WriteCmd) refers to oled_driver.o(i.SPI_WriterByte) for SPI_WriterByte
    oled_driver.o(i.WriteDat) refers to stm32f1xx_hal_gpio.o(i.HAL_GPIO_WritePin) for HAL_GPIO_WritePin
    oled_driver.o(i.WriteDat) refers to oled_driver.o(i.SPI_WriterByte) for SPI_WriterByte
    oled_font.o(i.GetFontSize) refers to oled_font.o(.data) for .data
    oled_font.o(i.GetTextBkMode) refers to oled_font.o(.data) for .data
    oled_font.o(i.SetFontSize) refers to oled_font.o(.data) for .data
    oled_font.o(i.SetTextBkMode) refers to oled_font.o(.data) for .data
    oled_draw_ex_example.o(i.DrawDrawRectangle2rotate) refers to oled_draw.o(i.GetY) for GetY
    oled_draw_ex_example.o(i.DrawDrawRectangle2rotate) refers to oled_draw.o(i.GetX) for GetX
    oled_draw_ex_example.o(i.DrawDrawRectangle2rotate) refers to oled_basic.o(i.GetRotateXY) for GetRotateXY
    oled_draw_ex_example.o(i.DrawDrawRectangle2rotate) refers to oled_draw.o(i.MoveTo) for MoveTo
    oled_draw_ex_example.o(i.DrawDrawRectangle2rotate) refers to oled_draw.o(i.LineTo) for LineTo
    oled_draw_ex_example.o(i.RoundClock) refers to fflti.o(.text) for __aeabi_i2f
    oled_draw_ex_example.o(i.RoundClock) refers to oled_basic.o(i.SetRotateValue) for SetRotateValue
    oled_draw_ex_example.o(i.RoundClock) refers to oled_basic.o(i.GetRotateXY) for GetRotateXY
    oled_draw_ex_example.o(i.RoundClock) refers to oled_draw.o(i.DrawLine) for DrawLine
    oled_draw_ex_example.o(i.RoundClock) refers to ffltui.o(.text) for __aeabi_ui2f
    oled_draw_ex_example.o(i.RoundClock) refers to oled_draw.o(i.DrawFillCircle) for DrawFillCircle
    oled_draw_ex_example.o(i.RoundClock) refers to oled_draw.o(i.DrawCircle) for DrawCircle
    oled_draw_ex_example.o(i.RoundClock) refers to oled_basic.o(i.UpdateScreen) for UpdateScreen
    oled_draw_ex_example.o(i.RoundClock) refers to oled_basic.o(i.ClearScreen) for ClearScreen
    test.o(i.ShowSnow) refers to rand.o(.text) for srand
    test.o(i.ShowSnow) refers to oled_basic.o(i.ClearScreen) for ClearScreen
    test.o(i.ShowSnow) refers to oled_draw.o(i.DrawPixel) for DrawPixel
    test.o(i.ShowSnow) refers to stm32f1xx_hal.o(i.HAL_Delay) for HAL_Delay
    test.o(i.ShowSnow) refers to oled_basic.o(i.UpdateScreen) for UpdateScreen
    test.o(i.ShowStars) refers to memseta.o(.text) for __aeabi_memclr4
    test.o(i.ShowStars) refers to rand.o(.text) for srand
    test.o(i.ShowStars) refers to oled_basic.o(i.FrameRateUpdateScreen) for FrameRateUpdateScreen
    test.o(i.ShowStars) refers to oled_color.o(i.SetDrawColor) for SetDrawColor
    test.o(i.ShowStars) refers to oled_draw.o(i.DrawLine) for DrawLine
    test.o(i.ShowTest) refers to oled_basic.o(i.ClearScreen) for ClearScreen
    test.o(i.ShowTest) refers to dflti.o(.text) for __aeabi_i2d
    test.o(i.ShowTest) refers to dfltui.o(.text) for __aeabi_ui2d
    test.o(i.ShowTest) refers to dmul.o(.text) for __aeabi_dmul
    test.o(i.ShowTest) refers to ddiv.o(.text) for __aeabi_ddiv
    test.o(i.ShowTest) refers to cos.o(i.cos) for cos
    test.o(i.ShowTest) refers to dadd.o(.text) for __aeabi_dadd
    test.o(i.ShowTest) refers to dfixi.o(.text) for __aeabi_d2iz
    test.o(i.ShowTest) refers to sin.o(i.sin) for sin
    test.o(i.ShowTest) refers to oled_draw.o(i.DrawLine) for DrawLine
    test.o(i.ShowTest) refers to stm32f1xx_hal.o(i.HAL_Delay) for HAL_Delay
    test.o(i.ShowTest) refers to oled_basic.o(i.UpdateScreen) for UpdateScreen
    test.o(i.ShowWatch) refers to oled_draw_ex_example.o(i.RoundClock) for RoundClock
    test.o(i.demo) refers to oled_basic.o(i.ClearScreen) for ClearScreen
    test.o(i.demo) refers to oled_draw.o(i.DrawBitmap) for DrawBitmap
    test.o(i.demo) refers to oled_basic.o(i.UpdateScreen) for UpdateScreen
    test.o(i.demo) refers to stm32f1xx_hal.o(i.HAL_Delay) for HAL_Delay
    test.o(i.demo) refers to oled_font.o(i.SetFontSize) for SetFontSize
    test.o(i.demo) refers to oled_draw.o(i.DrawString) for DrawString
    test.o(i.demo) refers to oled_draw.o(i.DrawLine) for DrawLine
    test.o(i.demo) refers to oled_draw.o(i.DrawRect2) for DrawRect2
    test.o(i.demo) refers to oled_draw.o(i.DrawFillRect2) for DrawFillRect2
    test.o(i.demo) refers to oled_color.o(i.SetDrawColor) for SetDrawColor
    test.o(i.demo) refers to oled_color.o(i.SetFillcolor) for SetFillcolor
    test.o(i.demo) refers to oled_draw.o(i.DrawRoundRect) for DrawRoundRect
    test.o(i.demo) refers to oled_draw.o(i.DrawfillRoundRect) for DrawfillRoundRect
    test.o(i.demo) refers to oled_draw.o(i.DrawEllipse) for DrawEllipse
    test.o(i.demo) refers to oled_draw.o(i.DrawFillEllipse) for DrawFillEllipse
    test.o(i.demo) refers to oled_draw.o(i.DrawCircle) for DrawCircle
    test.o(i.demo) refers to oled_draw.o(i.DrawFillCircle) for DrawFillCircle
    test.o(i.demo) refers to oled_draw.o(i.DrawTriangle) for DrawTriangle
    test.o(i.demo) refers to oled_draw.o(i.DrawFillTriangle) for DrawFillTriangle
    test.o(i.demo) refers to oled_draw.o(i.DrawArc) for DrawArc
    test.o(i.demo) refers to fflti.o(.text) for __aeabi_i2f
    test.o(i.demo) refers to oled_basic.o(i.SetAngle) for SetAngle
    test.o(i.demo) refers to oled_basic.o(i.SetRotateCenter) for SetRotateCenter
    test.o(i.demo) refers to oled_basic.o(i.GetRotateXY) for GetRotateXY
    test.o(i.demo) refers to oled_bmp.o(.constdata) for TempLogo
    test.o(i.demo) refers to oled_bmp.o(.constdata) for BmpTest1
    test.o(i.demo) refers to oled_bmp.o(.constdata) for BmpTest2
    test.o(i.demo) refers to oled_bmp.o(.constdata) for BmpTest3
    test.o(i.demo) refers to test.o(i.ShowWatch) for ShowWatch
    test.o(i.demo) refers to test.o(i.ShowTest) for ShowTest
    test.o(i.demo) refers to oled_bmp.o(.constdata) for DZTBGZ
    atan2.o(i.__softfp_atan2) refers (Special) to iusefp.o(.text) for __I$use$fp
    atan2.o(i.__softfp_atan2) refers to atan2.o(i.atan2) for atan2
    atan2.o(i.atan2) refers (Special) to iusefp.o(.text) for __I$use$fp
    atan2.o(i.atan2) refers to dunder.o(i.__mathlib_dbl_infnan2) for __mathlib_dbl_infnan2
    atan2.o(i.atan2) refers to atan.o(i.atan) for atan
    atan2.o(i.atan2) refers to ddiv.o(.text) for __aeabi_ddiv
    atan2.o(i.atan2) refers to dadd.o(.text) for __aeabi_dsub
    atan2.o(i.atan2) refers to qnan.o(.constdata) for __mathlib_zero
    atan2_x.o(i.____softfp_atan2$lsc) refers (Special) to iusefp.o(.text) for __I$use$fp
    atan2_x.o(i.____softfp_atan2$lsc) refers to atan2_x.o(i.__atan2$lsc) for __atan2$lsc
    atan2_x.o(i.__atan2$lsc) refers (Special) to iusefp.o(.text) for __I$use$fp
    atan2_x.o(i.__atan2$lsc) refers to dunder.o(i.__mathlib_dbl_infnan2) for __mathlib_dbl_infnan2
    atan2_x.o(i.__atan2$lsc) refers to atan.o(i.atan) for atan
    atan2_x.o(i.__atan2$lsc) refers to errno.o(i.__set_errno) for __set_errno
    atan2_x.o(i.__atan2$lsc) refers to ddiv.o(.text) for __aeabi_ddiv
    atan2_x.o(i.__atan2$lsc) refers to dadd.o(.text) for __aeabi_dsub
    atan2_x.o(i.__atan2$lsc) refers to qnan.o(.constdata) for __mathlib_zero
    cos.o(i.__softfp_cos) refers (Special) to iusefp.o(.text) for __I$use$fp
    cos.o(i.__softfp_cos) refers to cos.o(i.cos) for cos
    cos.o(i.cos) refers (Special) to iusefp.o(.text) for __I$use$fp
    cos.o(i.cos) refers to errno.o(i.__set_errno) for __set_errno
    cos.o(i.cos) refers to dunder.o(i.__mathlib_dbl_invalid) for __mathlib_dbl_invalid
    cos.o(i.cos) refers to dunder.o(i.__mathlib_dbl_infnan) for __mathlib_dbl_infnan
    cos.o(i.cos) refers to rred.o(i.__ieee754_rem_pio2) for __ieee754_rem_pio2
    cos.o(i.cos) refers to sin_i.o(i.__kernel_sin) for __kernel_sin
    cos.o(i.cos) refers to cos_i.o(i.__kernel_cos) for __kernel_cos
    cos_x.o(i.____softfp_cos$lsc) refers (Special) to iusefp.o(.text) for __I$use$fp
    cos_x.o(i.____softfp_cos$lsc) refers to cos_x.o(i.__cos$lsc) for __cos$lsc
    cos_x.o(i.__cos$lsc) refers (Special) to iusefp.o(.text) for __I$use$fp
    cos_x.o(i.__cos$lsc) refers to errno.o(i.__set_errno) for __set_errno
    cos_x.o(i.__cos$lsc) refers to dunder.o(i.__mathlib_dbl_infnan) for __mathlib_dbl_infnan
    cos_x.o(i.__cos$lsc) refers to rred.o(i.__ieee754_rem_pio2) for __ieee754_rem_pio2
    cos_x.o(i.__cos$lsc) refers to sin_i.o(i.__kernel_sin) for __kernel_sin
    cos_x.o(i.__cos$lsc) refers to cos_i.o(i.__kernel_cos) for __kernel_cos
    sin.o(i.__softfp_sin) refers (Special) to iusefp.o(.text) for __I$use$fp
    sin.o(i.__softfp_sin) refers to sin.o(i.sin) for sin
    sin.o(i.sin) refers (Special) to iusefp.o(.text) for __I$use$fp
    sin.o(i.sin) refers to errno.o(i.__set_errno) for __set_errno
    sin.o(i.sin) refers to dunder.o(i.__mathlib_dbl_invalid) for __mathlib_dbl_invalid
    sin.o(i.sin) refers to dunder.o(i.__mathlib_dbl_infnan) for __mathlib_dbl_infnan
    sin.o(i.sin) refers to rred.o(i.__ieee754_rem_pio2) for __ieee754_rem_pio2
    sin.o(i.sin) refers to cos_i.o(i.__kernel_cos) for __kernel_cos
    sin.o(i.sin) refers to sin_i.o(i.__kernel_sin) for __kernel_sin
    sin_x.o(i.____softfp_sin$lsc) refers (Special) to iusefp.o(.text) for __I$use$fp
    sin_x.o(i.____softfp_sin$lsc) refers to sin_x.o(i.__sin$lsc) for __sin$lsc
    sin_x.o(i.__sin$lsc) refers (Special) to iusefp.o(.text) for __I$use$fp
    sin_x.o(i.__sin$lsc) refers to errno.o(i.__set_errno) for __set_errno
    sin_x.o(i.__sin$lsc) refers to dunder.o(i.__mathlib_dbl_infnan) for __mathlib_dbl_infnan
    sin_x.o(i.__sin$lsc) refers to rred.o(i.__ieee754_rem_pio2) for __ieee754_rem_pio2
    sin_x.o(i.__sin$lsc) refers to cos_i.o(i.__kernel_cos) for __kernel_cos
    sin_x.o(i.__sin$lsc) refers to sin_i.o(i.__kernel_sin) for __kernel_sin
    entry.o(.ARM.Collect$$$$00000000) refers (Special) to entry10a.o(.ARM.Collect$$$$0000000D) for __rt_final_cpp
    entry.o(.ARM.Collect$$$$00000000) refers (Special) to entry11a.o(.ARM.Collect$$$$0000000F) for __rt_final_exit
    entry.o(.ARM.Collect$$$$00000000) refers (Special) to entry7b.o(.ARM.Collect$$$$00000008) for _main_clock
    entry.o(.ARM.Collect$$$$00000000) refers (Special) to entry8b.o(.ARM.Collect$$$$0000000A) for _main_cpp_init
    entry.o(.ARM.Collect$$$$00000000) refers (Special) to entry9a.o(.ARM.Collect$$$$0000000B) for _main_init
    entry.o(.ARM.Collect$$$$00000000) refers (Special) to entry5.o(.ARM.Collect$$$$00000004) for _main_scatterload
    entry.o(.ARM.Collect$$$$00000000) refers (Special) to entry2.o(.ARM.Collect$$$$00000001) for _main_stk
    rand.o(.text) refers to rand.o(.data) for .data
    fadd.o(.text) refers (Special) to iusefp.o(.text) for __I$use$fp
    fadd.o(.text) refers to fepilogue.o(.text) for _float_epilogue
    fdiv.o(.text) refers (Special) to iusefp.o(.text) for __I$use$fp
    fdiv.o(.text) refers to fepilogue.o(.text) for _float_round
    fscalb.o(.text) refers (Special) to iusefp.o(.text) for __I$use$fp
    dadd.o(.text) refers (Special) to iusefp.o(.text) for __I$use$fp
    dadd.o(.text) refers to llshl.o(.text) for __aeabi_llsl
    dadd.o(.text) refers to llsshr.o(.text) for __aeabi_lasr
    dadd.o(.text) refers to depilogue.o(.text) for _double_epilogue
    dmul.o(.text) refers (Special) to iusefp.o(.text) for __I$use$fp
    dmul.o(.text) refers to depilogue.o(.text) for _double_epilogue
    ddiv.o(.text) refers (Special) to iusefp.o(.text) for __I$use$fp
    ddiv.o(.text) refers to depilogue.o(.text) for _double_round
    dscalb.o(.text) refers (Special) to iusefp.o(.text) for __I$use$fp
    fflti.o(.text) refers (Special) to iusefp.o(.text) for __I$use$fp
    fflti.o(.text) refers to fepilogue.o(.text) for _float_epilogue
    ffltui.o(.text) refers (Special) to iusefp.o(.text) for __I$use$fp
    ffltui.o(.text) refers to fepilogue.o(.text) for _float_epilogue
    dflti.o(.text) refers (Special) to iusefp.o(.text) for __I$use$fp
    dflti.o(.text) refers to depilogue.o(.text) for _double_epilogue
    dfltui.o(.text) refers (Special) to iusefp.o(.text) for __I$use$fp
    dfltui.o(.text) refers to depilogue.o(.text) for _double_epilogue
    dfixi.o(.text) refers (Special) to iusefp.o(.text) for __I$use$fp
    dfixi.o(.text) refers to llushr.o(.text) for __aeabi_llsr
    f2d.o(.text) refers (Special) to iusefp.o(.text) for __I$use$fp
    d2f.o(.text) refers (Special) to iusefp.o(.text) for __I$use$fp
    d2f.o(.text) refers to fepilogue.o(.text) for _float_round
    cfrcmple.o(.text) refers (Special) to iusefp.o(.text) for __I$use$fp
    atan.o(i.__softfp_atan) refers (Special) to iusefp.o(.text) for __I$use$fp
    atan.o(i.__softfp_atan) refers to atan.o(i.atan) for atan
    atan.o(i.atan) refers (Special) to iusefp.o(.text) for __I$use$fp
    atan.o(i.atan) refers to dunder.o(i.__mathlib_dbl_infnan) for __mathlib_dbl_infnan
    atan.o(i.atan) refers to fpclassify.o(i.__ARM_fpclassify) for __ARM_fpclassify
    atan.o(i.atan) refers to dunder.o(i.__mathlib_dbl_underflow) for __mathlib_dbl_underflow
    atan.o(i.atan) refers to dadd.o(.text) for __aeabi_dadd
    atan.o(i.atan) refers to dscalb.o(.text) for __ARM_scalbn
    atan.o(i.atan) refers to ddiv.o(.text) for __aeabi_ddiv
    atan.o(i.atan) refers to dmul.o(.text) for __aeabi_dmul
    atan.o(i.atan) refers to poly.o(i.__kernel_poly) for __kernel_poly
    atan.o(i.atan) refers to atan.o(.constdata) for .constdata
    atan.o(.constdata) refers (Special) to iusefp.o(.text) for __I$use$fp
    atan_x.o(i.____softfp_atan$lsc) refers (Special) to iusefp.o(.text) for __I$use$fp
    atan_x.o(i.____softfp_atan$lsc) refers to atan_x.o(i.__atan$lsc) for __atan$lsc
    atan_x.o(i.__atan$lsc) refers (Special) to iusefp.o(.text) for __I$use$fp
    atan_x.o(i.__atan$lsc) refers to dunder.o(i.__mathlib_dbl_infnan) for __mathlib_dbl_infnan
    atan_x.o(i.__atan$lsc) refers to dadd.o(.text) for __aeabi_dadd
    atan_x.o(i.__atan$lsc) refers to dscalb.o(.text) for __ARM_scalbn
    atan_x.o(i.__atan$lsc) refers to ddiv.o(.text) for __aeabi_ddiv
    atan_x.o(i.__atan$lsc) refers to dmul.o(.text) for __aeabi_dmul
    atan_x.o(i.__atan$lsc) refers to poly.o(i.__kernel_poly) for __kernel_poly
    atan_x.o(i.__atan$lsc) refers to atan_x.o(.constdata) for .constdata
    atan_x.o(.constdata) refers (Special) to iusefp.o(.text) for __I$use$fp
    cos_i.o(i.__kernel_cos) refers (Special) to iusefp.o(.text) for __I$use$fp
    cos_i.o(i.__kernel_cos) refers to dfixi.o(.text) for __aeabi_d2iz
    cos_i.o(i.__kernel_cos) refers to dmul.o(.text) for __aeabi_dmul
    cos_i.o(i.__kernel_cos) refers to poly.o(i.__kernel_poly) for __kernel_poly
    cos_i.o(i.__kernel_cos) refers to dadd.o(.text) for __aeabi_dsub
    cos_i.o(i.__kernel_cos) refers to dscalb.o(.text) for __ARM_scalbn
    cos_i.o(i.__kernel_cos) refers to cos_i.o(.constdata) for .constdata
    cos_i.o(.constdata) refers (Special) to iusefp.o(.text) for __I$use$fp
    dunder.o(i.__mathlib_dbl_divzero) refers to ddiv.o(.text) for __aeabi_ddiv
    dunder.o(i.__mathlib_dbl_infnan) refers to dscalb.o(.text) for __ARM_scalbn
    dunder.o(i.__mathlib_dbl_infnan2) refers to dadd.o(.text) for __aeabi_dadd
    dunder.o(i.__mathlib_dbl_invalid) refers to ddiv.o(.text) for __aeabi_ddiv
    dunder.o(i.__mathlib_dbl_overflow) refers to dscalb.o(.text) for __ARM_scalbn
    dunder.o(i.__mathlib_dbl_posinfnan) refers to dmul.o(.text) for __aeabi_dmul
    dunder.o(i.__mathlib_dbl_underflow) refers to dscalb.o(.text) for __ARM_scalbn
    qnan.o(.constdata) refers (Special) to iusefp.o(.text) for __I$use$fp
    rred.o(i.__ieee754_rem_pio2) refers (Special) to iusefp.o(.text) for __I$use$fp
    rred.o(i.__ieee754_rem_pio2) refers to dadd.o(.text) for __aeabi_dsub
    rred.o(i.__ieee754_rem_pio2) refers to dmul.o(.text) for __aeabi_dmul
    rred.o(i.__ieee754_rem_pio2) refers to dfixi.o(.text) for __aeabi_d2iz
    rred.o(i.__ieee754_rem_pio2) refers to dflti.o(.text) for __aeabi_i2d
    rred.o(i.__ieee754_rem_pio2) refers to dfltui.o(.text) for __aeabi_ui2d
    rred.o(i.__ieee754_rem_pio2) refers to dscalb.o(.text) for __ARM_scalbn
    rred.o(i.__ieee754_rem_pio2) refers to rred.o(.constdata) for .constdata
    rred.o(i.__use_accurate_range_reduction) refers (Special) to iusefp.o(.text) for __I$use$fp
    rred.o(.constdata) refers (Special) to iusefp.o(.text) for __I$use$fp
    sin_i.o(i.__kernel_sin) refers (Special) to iusefp.o(.text) for __I$use$fp
    sin_i.o(i.__kernel_sin) refers to fpclassify.o(i.__ARM_fpclassify) for __ARM_fpclassify
    sin_i.o(i.__kernel_sin) refers to dunder.o(i.__mathlib_dbl_underflow) for __mathlib_dbl_underflow
    sin_i.o(i.__kernel_sin) refers to dmul.o(.text) for __aeabi_dmul
    sin_i.o(i.__kernel_sin) refers to poly.o(i.__kernel_poly) for __kernel_poly
    sin_i.o(i.__kernel_sin) refers to dscalb.o(.text) for __ARM_scalbn
    sin_i.o(i.__kernel_sin) refers to dadd.o(.text) for __aeabi_dsub
    sin_i.o(i.__kernel_sin) refers to sin_i.o(.constdata) for .constdata
    sin_i.o(.constdata) refers (Special) to iusefp.o(.text) for __I$use$fp
    sin_i_x.o(i.____kernel_sin$lsc) refers (Special) to iusefp.o(.text) for __I$use$fp
    sin_i_x.o(i.____kernel_sin$lsc) refers to dmul.o(.text) for __aeabi_dmul
    sin_i_x.o(i.____kernel_sin$lsc) refers to poly.o(i.__kernel_poly) for __kernel_poly
    sin_i_x.o(i.____kernel_sin$lsc) refers to dscalb.o(.text) for __ARM_scalbn
    sin_i_x.o(i.____kernel_sin$lsc) refers to dadd.o(.text) for __aeabi_dsub
    sin_i_x.o(i.____kernel_sin$lsc) refers to sin_i_x.o(.constdata) for .constdata
    sin_i_x.o(.constdata) refers (Special) to iusefp.o(.text) for __I$use$fp
    entry2.o(.ARM.Collect$$$$00000001) refers to entry2.o(.ARM.Collect$$$$00002712) for __lit__00000000
    entry2.o(.ARM.Collect$$$$00002712) refers to startup_stm32f103xb.o(STACK) for __initial_sp
    entry2.o(__vectab_stack_and_reset_area) refers to startup_stm32f103xb.o(STACK) for __initial_sp
    entry2.o(__vectab_stack_and_reset_area) refers to entry.o(.ARM.Collect$$$$00000000) for __main
    entry5.o(.ARM.Collect$$$$00000004) refers to init.o(.text) for __scatterload
    entry9a.o(.ARM.Collect$$$$0000000B) refers to main.o(i.main) for main
    entry9b.o(.ARM.Collect$$$$0000000C) refers to main.o(i.main) for main
    errno.o(i.__aeabi_errno_addr) refers to errno.o(.data) for .data
    errno.o(i.__read_errno) refers to errno.o(.data) for .data
    errno.o(i.__set_errno) refers to errno.o(.data) for .data
    depilogue.o(.text) refers to llshl.o(.text) for __aeabi_llsl
    depilogue.o(.text) refers to llushr.o(.text) for __aeabi_llsr
    fpclassify.o(i.__ARM_fpclassify) refers (Special) to iusefp.o(.text) for __I$use$fp
    poly.o(i.__kernel_poly) refers (Special) to iusefp.o(.text) for __I$use$fp
    poly.o(i.__kernel_poly) refers to dmul.o(.text) for __aeabi_dmul
    poly.o(i.__kernel_poly) refers to dadd.o(.text) for __aeabi_dadd
    init.o(.text) refers to entry5.o(.ARM.Collect$$$$00000004) for __main_after_scatterload


==============================================================================

Removing Unused input sections from the image.

    Removing startup_stm32f103xb.o(HEAP), (512 bytes).
    Removing main.o(.rev16_text), (4 bytes).
    Removing main.o(.revsh_text), (4 bytes).
    Removing main.o(.rrx_text), (6 bytes).
    Removing gpio.o(.rev16_text), (4 bytes).
    Removing gpio.o(.revsh_text), (4 bytes).
    Removing gpio.o(.rrx_text), (6 bytes).
    Removing spi.o(.rev16_text), (4 bytes).
    Removing spi.o(.revsh_text), (4 bytes).
    Removing spi.o(.rrx_text), (6 bytes).
    Removing spi.o(i.HAL_SPI_MspDeInit), (40 bytes).
    Removing stm32f1xx_it.o(.rev16_text), (4 bytes).
    Removing stm32f1xx_it.o(.revsh_text), (4 bytes).
    Removing stm32f1xx_it.o(.rrx_text), (6 bytes).
    Removing stm32f1xx_hal_msp.o(.rev16_text), (4 bytes).
    Removing stm32f1xx_hal_msp.o(.revsh_text), (4 bytes).
    Removing stm32f1xx_hal_msp.o(.rrx_text), (6 bytes).
    Removing stm32f1xx_hal_gpio_ex.o(.rev16_text), (4 bytes).
    Removing stm32f1xx_hal_gpio_ex.o(.revsh_text), (4 bytes).
    Removing stm32f1xx_hal_gpio_ex.o(.rrx_text), (6 bytes).
    Removing stm32f1xx_hal_gpio_ex.o(i.HAL_GPIOEx_ConfigEventout), (20 bytes).
    Removing stm32f1xx_hal_gpio_ex.o(i.HAL_GPIOEx_DisableEventout), (16 bytes).
    Removing stm32f1xx_hal_gpio_ex.o(i.HAL_GPIOEx_EnableEventout), (16 bytes).
    Removing stm32f1xx_hal_spi.o(.rev16_text), (4 bytes).
    Removing stm32f1xx_hal_spi.o(.revsh_text), (4 bytes).
    Removing stm32f1xx_hal_spi.o(.rrx_text), (6 bytes).
    Removing stm32f1xx_hal_spi.o(i.HAL_SPI_Abort), (288 bytes).
    Removing stm32f1xx_hal_spi.o(i.HAL_SPI_AbortCpltCallback), (2 bytes).
    Removing stm32f1xx_hal_spi.o(i.HAL_SPI_Abort_IT), (288 bytes).
    Removing stm32f1xx_hal_spi.o(i.HAL_SPI_DMAPause), (38 bytes).
    Removing stm32f1xx_hal_spi.o(i.HAL_SPI_DMAResume), (38 bytes).
    Removing stm32f1xx_hal_spi.o(i.HAL_SPI_DMAStop), (66 bytes).
    Removing stm32f1xx_hal_spi.o(i.HAL_SPI_DeInit), (46 bytes).
    Removing stm32f1xx_hal_spi.o(i.HAL_SPI_ErrorCallback), (2 bytes).
    Removing stm32f1xx_hal_spi.o(i.HAL_SPI_GetError), (4 bytes).
    Removing stm32f1xx_hal_spi.o(i.HAL_SPI_GetState), (6 bytes).
    Removing stm32f1xx_hal_spi.o(i.HAL_SPI_IRQHandler), (224 bytes).
    Removing stm32f1xx_hal_spi.o(i.HAL_SPI_MspDeInit), (2 bytes).
    Removing stm32f1xx_hal_spi.o(i.HAL_SPI_MspInit), (2 bytes).
    Removing stm32f1xx_hal_spi.o(i.HAL_SPI_Receive), (346 bytes).
    Removing stm32f1xx_hal_spi.o(i.HAL_SPI_Receive_DMA), (244 bytes).
    Removing stm32f1xx_hal_spi.o(i.HAL_SPI_Receive_IT), (176 bytes).
    Removing stm32f1xx_hal_spi.o(i.HAL_SPI_RxCpltCallback), (2 bytes).
    Removing stm32f1xx_hal_spi.o(i.HAL_SPI_RxHalfCpltCallback), (2 bytes).
    Removing stm32f1xx_hal_spi.o(i.HAL_SPI_TransmitReceive), (482 bytes).
    Removing stm32f1xx_hal_spi.o(i.HAL_SPI_TransmitReceive_DMA), (292 bytes).
    Removing stm32f1xx_hal_spi.o(i.HAL_SPI_TransmitReceive_IT), (164 bytes).
    Removing stm32f1xx_hal_spi.o(i.HAL_SPI_Transmit_DMA), (216 bytes).
    Removing stm32f1xx_hal_spi.o(i.HAL_SPI_Transmit_IT), (148 bytes).
    Removing stm32f1xx_hal_spi.o(i.HAL_SPI_TxCpltCallback), (2 bytes).
    Removing stm32f1xx_hal_spi.o(i.HAL_SPI_TxHalfCpltCallback), (2 bytes).
    Removing stm32f1xx_hal_spi.o(i.HAL_SPI_TxRxCpltCallback), (2 bytes).
    Removing stm32f1xx_hal_spi.o(i.HAL_SPI_TxRxHalfCpltCallback), (2 bytes).
    Removing stm32f1xx_hal_spi.o(i.SPI_2linesRxISR_16BIT), (48 bytes).
    Removing stm32f1xx_hal_spi.o(i.SPI_2linesRxISR_8BIT), (48 bytes).
    Removing stm32f1xx_hal_spi.o(i.SPI_2linesTxISR_16BIT), (48 bytes).
    Removing stm32f1xx_hal_spi.o(i.SPI_2linesTxISR_8BIT), (48 bytes).
    Removing stm32f1xx_hal_spi.o(i.SPI_AbortRx_ISR), (80 bytes).
    Removing stm32f1xx_hal_spi.o(i.SPI_AbortTx_ISR), (28 bytes).
    Removing stm32f1xx_hal_spi.o(i.SPI_CloseRxTx_ISR), (144 bytes).
    Removing stm32f1xx_hal_spi.o(i.SPI_CloseRx_ISR), (76 bytes).
    Removing stm32f1xx_hal_spi.o(i.SPI_CloseTx_ISR), (124 bytes).
    Removing stm32f1xx_hal_spi.o(i.SPI_DMAAbortOnError), (16 bytes).
    Removing stm32f1xx_hal_spi.o(i.SPI_DMAError), (34 bytes).
    Removing stm32f1xx_hal_spi.o(i.SPI_DMAHalfReceiveCplt), (10 bytes).
    Removing stm32f1xx_hal_spi.o(i.SPI_DMAHalfTransmitCplt), (10 bytes).
    Removing stm32f1xx_hal_spi.o(i.SPI_DMAHalfTransmitReceiveCplt), (10 bytes).
    Removing stm32f1xx_hal_spi.o(i.SPI_DMAReceiveCplt), (106 bytes).
    Removing stm32f1xx_hal_spi.o(i.SPI_DMARxAbortCallback), (98 bytes).
    Removing stm32f1xx_hal_spi.o(i.SPI_DMATransmitCplt), (100 bytes).
    Removing stm32f1xx_hal_spi.o(i.SPI_DMATransmitReceiveCplt), (90 bytes).
    Removing stm32f1xx_hal_spi.o(i.SPI_DMATxAbortCallback), (112 bytes).
    Removing stm32f1xx_hal_spi.o(i.SPI_EndRxTransaction), (92 bytes).
    Removing stm32f1xx_hal_spi.o(i.SPI_RxISR_16BIT), (32 bytes).
    Removing stm32f1xx_hal_spi.o(i.SPI_RxISR_8BIT), (32 bytes).
    Removing stm32f1xx_hal_spi.o(i.SPI_TxISR_16BIT), (32 bytes).
    Removing stm32f1xx_hal_spi.o(i.SPI_TxISR_8BIT), (32 bytes).
    Removing stm32f1xx_hal.o(.rev16_text), (4 bytes).
    Removing stm32f1xx_hal.o(.revsh_text), (4 bytes).
    Removing stm32f1xx_hal.o(.rrx_text), (6 bytes).
    Removing stm32f1xx_hal.o(i.HAL_DBGMCU_DisableDBGSleepMode), (16 bytes).
    Removing stm32f1xx_hal.o(i.HAL_DBGMCU_DisableDBGStandbyMode), (16 bytes).
    Removing stm32f1xx_hal.o(i.HAL_DBGMCU_DisableDBGStopMode), (16 bytes).
    Removing stm32f1xx_hal.o(i.HAL_DBGMCU_EnableDBGSleepMode), (16 bytes).
    Removing stm32f1xx_hal.o(i.HAL_DBGMCU_EnableDBGStandbyMode), (16 bytes).
    Removing stm32f1xx_hal.o(i.HAL_DBGMCU_EnableDBGStopMode), (16 bytes).
    Removing stm32f1xx_hal.o(i.HAL_DeInit), (32 bytes).
    Removing stm32f1xx_hal.o(i.HAL_GetDEVID), (16 bytes).
    Removing stm32f1xx_hal.o(i.HAL_GetHalVersion), (8 bytes).
    Removing stm32f1xx_hal.o(i.HAL_GetREVID), (12 bytes).
    Removing stm32f1xx_hal.o(i.HAL_GetTickFreq), (12 bytes).
    Removing stm32f1xx_hal.o(i.HAL_GetTickPrio), (12 bytes).
    Removing stm32f1xx_hal.o(i.HAL_GetUIDw0), (12 bytes).
    Removing stm32f1xx_hal.o(i.HAL_GetUIDw1), (12 bytes).
    Removing stm32f1xx_hal.o(i.HAL_GetUIDw2), (12 bytes).
    Removing stm32f1xx_hal.o(i.HAL_MspDeInit), (2 bytes).
    Removing stm32f1xx_hal.o(i.HAL_MspInit), (2 bytes).
    Removing stm32f1xx_hal.o(i.HAL_ResumeTick), (14 bytes).
    Removing stm32f1xx_hal.o(i.HAL_SetTickFreq), (36 bytes).
    Removing stm32f1xx_hal.o(i.HAL_SuspendTick), (14 bytes).
    Removing stm32f1xx_hal_rcc.o(.rev16_text), (4 bytes).
    Removing stm32f1xx_hal_rcc.o(.revsh_text), (4 bytes).
    Removing stm32f1xx_hal_rcc.o(.rrx_text), (6 bytes).
    Removing stm32f1xx_hal_rcc.o(i.HAL_RCC_CSSCallback), (2 bytes).
    Removing stm32f1xx_hal_rcc.o(i.HAL_RCC_DeInit), (220 bytes).
    Removing stm32f1xx_hal_rcc.o(i.HAL_RCC_DisableCSS), (12 bytes).
    Removing stm32f1xx_hal_rcc.o(i.HAL_RCC_EnableCSS), (12 bytes).
    Removing stm32f1xx_hal_rcc.o(i.HAL_RCC_GetClockConfig), (64 bytes).
    Removing stm32f1xx_hal_rcc.o(i.HAL_RCC_GetHCLKFreq), (12 bytes).
    Removing stm32f1xx_hal_rcc.o(i.HAL_RCC_GetOscConfig), (144 bytes).
    Removing stm32f1xx_hal_rcc.o(i.HAL_RCC_GetPCLK1Freq), (32 bytes).
    Removing stm32f1xx_hal_rcc.o(i.HAL_RCC_GetPCLK2Freq), (32 bytes).
    Removing stm32f1xx_hal_rcc.o(i.HAL_RCC_MCOConfig), (72 bytes).
    Removing stm32f1xx_hal_rcc.o(i.HAL_RCC_NMI_IRQHandler), (24 bytes).
    Removing stm32f1xx_hal_rcc_ex.o(.rev16_text), (4 bytes).
    Removing stm32f1xx_hal_rcc_ex.o(.revsh_text), (4 bytes).
    Removing stm32f1xx_hal_rcc_ex.o(.rrx_text), (6 bytes).
    Removing stm32f1xx_hal_rcc_ex.o(i.HAL_RCCEx_GetPeriphCLKConfig), (44 bytes).
    Removing stm32f1xx_hal_rcc_ex.o(i.HAL_RCCEx_GetPeriphCLKFreq), (200 bytes).
    Removing stm32f1xx_hal_rcc_ex.o(i.HAL_RCCEx_PeriphCLKConfig), (236 bytes).
    Removing stm32f1xx_hal_gpio.o(.rev16_text), (4 bytes).
    Removing stm32f1xx_hal_gpio.o(.revsh_text), (4 bytes).
    Removing stm32f1xx_hal_gpio.o(.rrx_text), (6 bytes).
    Removing stm32f1xx_hal_gpio.o(i.HAL_GPIO_DeInit), (252 bytes).
    Removing stm32f1xx_hal_gpio.o(i.HAL_GPIO_EXTI_Callback), (2 bytes).
    Removing stm32f1xx_hal_gpio.o(i.HAL_GPIO_EXTI_IRQHandler), (24 bytes).
    Removing stm32f1xx_hal_gpio.o(i.HAL_GPIO_LockPin), (34 bytes).
    Removing stm32f1xx_hal_gpio.o(i.HAL_GPIO_ReadPin), (10 bytes).
    Removing stm32f1xx_hal_dma.o(.rev16_text), (4 bytes).
    Removing stm32f1xx_hal_dma.o(.revsh_text), (4 bytes).
    Removing stm32f1xx_hal_dma.o(.rrx_text), (6 bytes).
    Removing stm32f1xx_hal_dma.o(i.DMA_SetConfig), (42 bytes).
    Removing stm32f1xx_hal_dma.o(i.HAL_DMA_Abort), (70 bytes).
    Removing stm32f1xx_hal_dma.o(i.HAL_DMA_Abort_IT), (152 bytes).
    Removing stm32f1xx_hal_dma.o(i.HAL_DMA_DeInit), (92 bytes).
    Removing stm32f1xx_hal_dma.o(i.HAL_DMA_GetError), (4 bytes).
    Removing stm32f1xx_hal_dma.o(i.HAL_DMA_GetState), (6 bytes).
    Removing stm32f1xx_hal_dma.o(i.HAL_DMA_IRQHandler), (340 bytes).
    Removing stm32f1xx_hal_dma.o(i.HAL_DMA_Init), (92 bytes).
    Removing stm32f1xx_hal_dma.o(i.HAL_DMA_PollForTransfer), (532 bytes).
    Removing stm32f1xx_hal_dma.o(i.HAL_DMA_RegisterCallback), (74 bytes).
    Removing stm32f1xx_hal_dma.o(i.HAL_DMA_Start), (80 bytes).
    Removing stm32f1xx_hal_dma.o(i.HAL_DMA_Start_IT), (112 bytes).
    Removing stm32f1xx_hal_dma.o(i.HAL_DMA_UnRegisterCallback), (82 bytes).
    Removing stm32f1xx_hal_cortex.o(.rev16_text), (4 bytes).
    Removing stm32f1xx_hal_cortex.o(.revsh_text), (4 bytes).
    Removing stm32f1xx_hal_cortex.o(.rrx_text), (6 bytes).
    Removing stm32f1xx_hal_cortex.o(i.HAL_NVIC_ClearPendingIRQ), (26 bytes).
    Removing stm32f1xx_hal_cortex.o(i.HAL_NVIC_DisableIRQ), (34 bytes).
    Removing stm32f1xx_hal_cortex.o(i.HAL_NVIC_EnableIRQ), (26 bytes).
    Removing stm32f1xx_hal_cortex.o(i.HAL_NVIC_GetActive), (36 bytes).
    Removing stm32f1xx_hal_cortex.o(i.HAL_NVIC_GetPendingIRQ), (36 bytes).
    Removing stm32f1xx_hal_cortex.o(i.HAL_NVIC_GetPriority), (82 bytes).
    Removing stm32f1xx_hal_cortex.o(i.HAL_NVIC_GetPriorityGrouping), (16 bytes).
    Removing stm32f1xx_hal_cortex.o(i.HAL_NVIC_SetPendingIRQ), (26 bytes).
    Removing stm32f1xx_hal_cortex.o(i.HAL_NVIC_SystemReset), (36 bytes).
    Removing stm32f1xx_hal_cortex.o(i.HAL_SYSTICK_CLKSourceConfig), (24 bytes).
    Removing stm32f1xx_hal_cortex.o(i.HAL_SYSTICK_Callback), (2 bytes).
    Removing stm32f1xx_hal_cortex.o(i.HAL_SYSTICK_IRQHandler), (8 bytes).
    Removing stm32f1xx_hal_pwr.o(.rev16_text), (4 bytes).
    Removing stm32f1xx_hal_pwr.o(.revsh_text), (4 bytes).
    Removing stm32f1xx_hal_pwr.o(.rrx_text), (6 bytes).
    Removing stm32f1xx_hal_pwr.o(i.HAL_PWR_ConfigPVD), (124 bytes).
    Removing stm32f1xx_hal_pwr.o(i.HAL_PWR_DeInit), (24 bytes).
    Removing stm32f1xx_hal_pwr.o(i.HAL_PWR_DisableBkUpAccess), (12 bytes).
    Removing stm32f1xx_hal_pwr.o(i.HAL_PWR_DisablePVD), (12 bytes).
    Removing stm32f1xx_hal_pwr.o(i.HAL_PWR_DisableSEVOnPend), (16 bytes).
    Removing stm32f1xx_hal_pwr.o(i.HAL_PWR_DisableSleepOnExit), (16 bytes).
    Removing stm32f1xx_hal_pwr.o(i.HAL_PWR_DisableWakeUpPin), (28 bytes).
    Removing stm32f1xx_hal_pwr.o(i.HAL_PWR_EnableBkUpAccess), (12 bytes).
    Removing stm32f1xx_hal_pwr.o(i.HAL_PWR_EnablePVD), (12 bytes).
    Removing stm32f1xx_hal_pwr.o(i.HAL_PWR_EnableSEVOnPend), (16 bytes).
    Removing stm32f1xx_hal_pwr.o(i.HAL_PWR_EnableSleepOnExit), (16 bytes).
    Removing stm32f1xx_hal_pwr.o(i.HAL_PWR_EnableWakeUpPin), (28 bytes).
    Removing stm32f1xx_hal_pwr.o(i.HAL_PWR_EnterSLEEPMode), (32 bytes).
    Removing stm32f1xx_hal_pwr.o(i.HAL_PWR_EnterSTANDBYMode), (32 bytes).
    Removing stm32f1xx_hal_pwr.o(i.HAL_PWR_EnterSTOPMode), (68 bytes).
    Removing stm32f1xx_hal_pwr.o(i.HAL_PWR_PVDCallback), (2 bytes).
    Removing stm32f1xx_hal_pwr.o(i.HAL_PWR_PVD_IRQHandler), (28 bytes).
    Removing stm32f1xx_hal_pwr.o(i.PWR_OverloadWfe), (6 bytes).
    Removing stm32f1xx_hal_flash.o(.rev16_text), (4 bytes).
    Removing stm32f1xx_hal_flash.o(.revsh_text), (4 bytes).
    Removing stm32f1xx_hal_flash.o(.rrx_text), (6 bytes).
    Removing stm32f1xx_hal_flash.o(i.FLASH_Program_HalfWord), (28 bytes).
    Removing stm32f1xx_hal_flash.o(i.FLASH_SetErrorCode), (92 bytes).
    Removing stm32f1xx_hal_flash.o(i.FLASH_WaitForLastOperation), (84 bytes).
    Removing stm32f1xx_hal_flash.o(i.HAL_FLASH_EndOfOperationCallback), (2 bytes).
    Removing stm32f1xx_hal_flash.o(i.HAL_FLASH_GetError), (12 bytes).
    Removing stm32f1xx_hal_flash.o(i.HAL_FLASH_IRQHandler), (264 bytes).
    Removing stm32f1xx_hal_flash.o(i.HAL_FLASH_Lock), (20 bytes).
    Removing stm32f1xx_hal_flash.o(i.HAL_FLASH_OB_Launch), (4 bytes).
    Removing stm32f1xx_hal_flash.o(i.HAL_FLASH_OB_Lock), (20 bytes).
    Removing stm32f1xx_hal_flash.o(i.HAL_FLASH_OB_Unlock), (36 bytes).
    Removing stm32f1xx_hal_flash.o(i.HAL_FLASH_OperationErrorCallback), (2 bytes).
    Removing stm32f1xx_hal_flash.o(i.HAL_FLASH_Program), (128 bytes).
    Removing stm32f1xx_hal_flash.o(i.HAL_FLASH_Program_IT), (100 bytes).
    Removing stm32f1xx_hal_flash.o(i.HAL_FLASH_Unlock), (40 bytes).
    Removing stm32f1xx_hal_flash.o(.bss), (32 bytes).
    Removing stm32f1xx_hal_flash_ex.o(.rev16_text), (4 bytes).
    Removing stm32f1xx_hal_flash_ex.o(.revsh_text), (4 bytes).
    Removing stm32f1xx_hal_flash_ex.o(.rrx_text), (6 bytes).
    Removing stm32f1xx_hal_flash_ex.o(i.FLASH_MassErase), (36 bytes).
    Removing stm32f1xx_hal_flash_ex.o(i.FLASH_OB_DisableWRP), (176 bytes).
    Removing stm32f1xx_hal_flash_ex.o(i.FLASH_OB_EnableWRP), (176 bytes).
    Removing stm32f1xx_hal_flash_ex.o(i.FLASH_OB_GetRDP), (24 bytes).
    Removing stm32f1xx_hal_flash_ex.o(i.FLASH_OB_RDP_LevelConfig), (100 bytes).
    Removing stm32f1xx_hal_flash_ex.o(i.FLASH_PageErase), (36 bytes).
    Removing stm32f1xx_hal_flash_ex.o(i.HAL_FLASHEx_Erase), (168 bytes).
    Removing stm32f1xx_hal_flash_ex.o(i.HAL_FLASHEx_Erase_IT), (84 bytes).
    Removing stm32f1xx_hal_flash_ex.o(i.HAL_FLASHEx_OBErase), (84 bytes).
    Removing stm32f1xx_hal_flash_ex.o(i.HAL_FLASHEx_OBGetConfig), (36 bytes).
    Removing stm32f1xx_hal_flash_ex.o(i.HAL_FLASHEx_OBGetUserData), (32 bytes).
    Removing stm32f1xx_hal_flash_ex.o(i.HAL_FLASHEx_OBProgram), (200 bytes).
    Removing stm32f1xx_hal_exti.o(.rev16_text), (4 bytes).
    Removing stm32f1xx_hal_exti.o(.revsh_text), (4 bytes).
    Removing stm32f1xx_hal_exti.o(.rrx_text), (6 bytes).
    Removing stm32f1xx_hal_exti.o(i.HAL_EXTI_ClearConfigLine), (104 bytes).
    Removing stm32f1xx_hal_exti.o(i.HAL_EXTI_ClearPending), (20 bytes).
    Removing stm32f1xx_hal_exti.o(i.HAL_EXTI_GenerateSWI), (20 bytes).
    Removing stm32f1xx_hal_exti.o(i.HAL_EXTI_GetConfigLine), (152 bytes).
    Removing stm32f1xx_hal_exti.o(i.HAL_EXTI_GetHandle), (12 bytes).
    Removing stm32f1xx_hal_exti.o(i.HAL_EXTI_GetPending), (24 bytes).
    Removing stm32f1xx_hal_exti.o(i.HAL_EXTI_IRQHandler), (36 bytes).
    Removing stm32f1xx_hal_exti.o(i.HAL_EXTI_RegisterCallback), (14 bytes).
    Removing stm32f1xx_hal_exti.o(i.HAL_EXTI_SetConfigLine), (164 bytes).
    Removing stm32f1xx_hal_tim.o(.rev16_text), (4 bytes).
    Removing stm32f1xx_hal_tim.o(.revsh_text), (4 bytes).
    Removing stm32f1xx_hal_tim.o(.rrx_text), (6 bytes).
    Removing stm32f1xx_hal_tim_ex.o(.rev16_text), (4 bytes).
    Removing stm32f1xx_hal_tim_ex.o(.revsh_text), (4 bytes).
    Removing stm32f1xx_hal_tim_ex.o(.rrx_text), (6 bytes).
    Removing system_stm32f1xx.o(.rev16_text), (4 bytes).
    Removing system_stm32f1xx.o(.revsh_text), (4 bytes).
    Removing system_stm32f1xx.o(.rrx_text), (6 bytes).
    Removing system_stm32f1xx.o(i.SystemCoreClockUpdate), (104 bytes).
    Removing system_stm32f1xx.o(.constdata), (8 bytes).
    Removing oled_basic.o(i.ClearScreen), (6 bytes).
    Removing oled_basic.o(i.FillByte), (48 bytes).
    Removing oled_basic.o(i.FillRect), (184 bytes).
    Removing oled_basic.o(i.FillVerticalLine), (152 bytes).
    Removing oled_basic.o(i.FloodFill), (96 bytes).
    Removing oled_basic.o(i.FloodFill2), (134 bytes).
    Removing oled_basic.o(i.FrameRateUpdateScreen), (44 bytes).
    Removing oled_basic.o(i.GetLengthDown), (42 bytes).
    Removing oled_basic.o(i.GetLengthUp), (40 bytes).
    Removing oled_basic.o(i.GetRotateXY), (52 bytes).
    Removing oled_basic.o(i.Rotate), (202 bytes).
    Removing oled_basic.o(i.SetAnggleDir), (12 bytes).
    Removing oled_basic.o(i.SetAngle), (60 bytes).
    Removing oled_basic.o(i.SetRotateCenter), (12 bytes).
    Removing oled_basic.o(i.SetRotateValue), (28 bytes).
    Removing oled_basic.o(i.UpdateScreenPiece), (2 bytes).
    Removing oled_basic.o(i.WaitTimeMs), (16 bytes).
    Removing oled_basic.o(i.mySqrt), (36 bytes).
    Removing oled_basic.o(i.oled_pow), (16 bytes).
    Removing oled_basic.o(i.sqrt_16), (54 bytes).
    Removing oled_basic.o(.data), (24 bytes).
    Removing oled_bmp.o(.constdata), (32 bytes).
    Removing oled_bmp.o(.constdata), (128 bytes).
    Removing oled_bmp.o(.constdata), (512 bytes).
    Removing oled_bmp.o(.constdata), (640 bytes).
    Removing oled_bmp.o(.constdata), (1024 bytes).
    Removing oled_buffer.o(i.ClearScreenBuffer), (16 bytes).
    Removing oled_buffer.o(i.ClearTempBuffer), (16 bytes).
    Removing oled_buffer.o(i.GetPointBuffer), (68 bytes).
    Removing oled_buffer.o(i.GetSelectedBuffer), (12 bytes).
    Removing oled_buffer.o(i.SetPointBuffer), (80 bytes).
    Removing oled_buffer.o(i.SetScreenBuffer), (12 bytes).
    Removing oled_buffer.o(i.SetTempBuffer), (12 bytes).
    Removing oled_buffer.o(i.TempBufferFunc), (120 bytes).
    Removing oled_color.o(i.GetFillColor), (12 bytes).
    Removing oled_color.o(i.SetDrawColor), (12 bytes).
    Removing oled_color.o(i.SetFillcolor), (12 bytes).
    Removing oled_config.o(.rev16_text), (4 bytes).
    Removing oled_config.o(.revsh_text), (4 bytes).
    Removing oled_config.o(.rrx_text), (6 bytes).
    Removing oled_config.o(i.OledTimeMsFunc), (20 bytes).
    Removing oled_config.o(i.UpdateTempBuffer), (12 bytes).
    Removing oled_config.o(.data), (4 bytes).
    Removing oled_debug.o(i.OledPrintf), (304 bytes).
    Removing oled_debug.o(i.SetCursor), (12 bytes).
    Removing oled_debug.o(i.SetTextWrap), (12 bytes).
    Removing oled_debug.o(i.m_pow), (14 bytes).
    Removing oled_debug.o(i.m_putchar), (80 bytes).
    Removing oled_debug.o(i.m_putstr), (20 bytes).
    Removing oled_debug.o(.data), (12 bytes).
    Removing oled_draw.o(i.DrawArc), (172 bytes).
    Removing oled_draw.o(i.DrawChar), (208 bytes).
    Removing oled_draw.o(i.DrawCircle), (198 bytes).
    Removing oled_draw.o(i.DrawCircleHelper), (170 bytes).
    Removing oled_draw.o(i.DrawEllipse), (468 bytes).
    Removing oled_draw.o(i.DrawEllipseRect), (224 bytes).
    Removing oled_draw.o(i.DrawFastHLine), (54 bytes).
    Removing oled_draw.o(i.DrawFastVLine), (54 bytes).
    Removing oled_draw.o(i.DrawFillArc), (2 bytes).
    Removing oled_draw.o(i.DrawFillCircle), (42 bytes).
    Removing oled_draw.o(i.DrawFillCircleHelper), (152 bytes).
    Removing oled_draw.o(i.DrawFillEllipse), (306 bytes).
    Removing oled_draw.o(i.DrawFillRect1), (36 bytes).
    Removing oled_draw.o(i.DrawFillRect2), (32 bytes).
    Removing oled_draw.o(i.DrawFillTriangle), (342 bytes).
    Removing oled_draw.o(i.DrawFps), (2 bytes).
    Removing oled_draw.o(i.DrawLine), (166 bytes).
    Removing oled_draw.o(i.DrawNum), (112 bytes).
    Removing oled_draw.o(i.DrawPixel), (24 bytes).
    Removing oled_draw.o(i.DrawPolyLineTo), (42 bytes).
    Removing oled_draw.o(i.DrawRect1), (58 bytes).
    Removing oled_draw.o(i.DrawRect2), (62 bytes).
    Removing oled_draw.o(i.DrawRoundRect), (144 bytes).
    Removing oled_draw.o(i.DrawSlowBitmap), (116 bytes).
    Removing oled_draw.o(i.DrawString), (72 bytes).
    Removing oled_draw.o(i.DrawTriangle), (48 bytes).
    Removing oled_draw.o(i.DrawfillRoundRect), (76 bytes).
    Removing oled_draw.o(i.GetPixel), (14 bytes).
    Removing oled_draw.o(i.GetX), (12 bytes).
    Removing oled_draw.o(i.GetXY), (16 bytes).
    Removing oled_draw.o(i.GetY), (12 bytes).
    Removing oled_draw.o(i.LineTo), (32 bytes).
    Removing oled_draw.o(i.MoveTo), (12 bytes).
    Removing oled_draw.o(.data), (8 bytes).
    Removing oled_driver.o(.rev16_text), (4 bytes).
    Removing oled_driver.o(.revsh_text), (4 bytes).
    Removing oled_driver.o(.rrx_text), (6 bytes).
    Removing oled_driver.o(i.OLED_OFF), (24 bytes).
    Removing oled_driver.o(i.OLED_ON), (24 bytes).
    Removing oled_font.o(i.GetFontSize), (12 bytes).
    Removing oled_font.o(i.GetTextBkMode), (12 bytes).
    Removing oled_font.o(i.SetFontSize), (16 bytes).
    Removing oled_font.o(i.SetTextBkMode), (12 bytes).
    Removing oled_font.o(.constdata), (1280 bytes).
    Removing oled_font.o(.constdata), (552 bytes).
    Removing oled_font.o(.constdata), (1520 bytes).
    Removing oled_font.o(.data), (2 bytes).
    Removing oled_draw_ex_example.o(.rev16_text), (4 bytes).
    Removing oled_draw_ex_example.o(.revsh_text), (4 bytes).
    Removing oled_draw_ex_example.o(.rrx_text), (6 bytes).
    Removing oled_draw_ex_example.o(i.DrawDrawRectangle2rotate), (144 bytes).
    Removing oled_draw_ex_example.o(i.RoundClock), (264 bytes).
    Removing test.o(.rev16_text), (4 bytes).
    Removing test.o(.revsh_text), (4 bytes).
    Removing test.o(.rrx_text), (6 bytes).
    Removing test.o(i.ShowSnow), (236 bytes).
    Removing test.o(i.ShowStars), (314 bytes).
    Removing test.o(i.ShowTest), (288 bytes).
    Removing test.o(i.ShowWatch), (58 bytes).
    Removing test.o(i.ShowWave), (2 bytes).
    Removing test.o(i.demo), (1164 bytes).
    Removing fadd.o(.text), (176 bytes).
    Removing fdiv.o(.text), (124 bytes).
    Removing fscalb.o(.text), (24 bytes).
    Removing dadd.o(.text), (334 bytes).
    Removing dmul.o(.text), (228 bytes).
    Removing ddiv.o(.text), (222 bytes).
    Removing dscalb.o(.text), (46 bytes).
    Removing fflti.o(.text), (18 bytes).
    Removing ffltui.o(.text), (10 bytes).
    Removing dflti.o(.text), (34 bytes).
    Removing dfltui.o(.text), (26 bytes).
    Removing dfixi.o(.text), (62 bytes).
    Removing f2d.o(.text), (38 bytes).
    Removing d2f.o(.text), (56 bytes).
    Removing cfrcmple.o(.text), (20 bytes).
    Removing fepilogue.o(.text), (110 bytes).
    Removing depilogue.o(.text), (186 bytes).

364 unused section(s) (total 27968 bytes) removed from the image.

==============================================================================

Image Symbol Table

    Local Symbols

    Symbol Name                              Value     Ov Type        Size  Object(Section)

    ../Core/Src/gpio.c                       0x00000000   Number         0  gpio.o ABSOLUTE
    ../Core/Src/main.c                       0x00000000   Number         0  main.o ABSOLUTE
    ../Core/Src/spi.c                        0x00000000   Number         0  spi.o ABSOLUTE
    ../Core/Src/stm32f1xx_hal_msp.c          0x00000000   Number         0  stm32f1xx_hal_msp.o ABSOLUTE
    ../Core/Src/stm32f1xx_it.c               0x00000000   Number         0  stm32f1xx_it.o ABSOLUTE
    ../Core/Src/system_stm32f1xx.c           0x00000000   Number         0  system_stm32f1xx.o ABSOLUTE
    ../Drivers/STM32F1xx_HAL_Driver/Src/stm32f1xx_hal.c 0x00000000   Number         0  stm32f1xx_hal.o ABSOLUTE
    ../Drivers/STM32F1xx_HAL_Driver/Src/stm32f1xx_hal_cortex.c 0x00000000   Number         0  stm32f1xx_hal_cortex.o ABSOLUTE
    ../Drivers/STM32F1xx_HAL_Driver/Src/stm32f1xx_hal_dma.c 0x00000000   Number         0  stm32f1xx_hal_dma.o ABSOLUTE
    ../Drivers/STM32F1xx_HAL_Driver/Src/stm32f1xx_hal_exti.c 0x00000000   Number         0  stm32f1xx_hal_exti.o ABSOLUTE
    ../Drivers/STM32F1xx_HAL_Driver/Src/stm32f1xx_hal_flash.c 0x00000000   Number         0  stm32f1xx_hal_flash.o ABSOLUTE
    ../Drivers/STM32F1xx_HAL_Driver/Src/stm32f1xx_hal_flash_ex.c 0x00000000   Number         0  stm32f1xx_hal_flash_ex.o ABSOLUTE
    ../Drivers/STM32F1xx_HAL_Driver/Src/stm32f1xx_hal_gpio.c 0x00000000   Number         0  stm32f1xx_hal_gpio.o ABSOLUTE
    ../Drivers/STM32F1xx_HAL_Driver/Src/stm32f1xx_hal_gpio_ex.c 0x00000000   Number         0  stm32f1xx_hal_gpio_ex.o ABSOLUTE
    ../Drivers/STM32F1xx_HAL_Driver/Src/stm32f1xx_hal_pwr.c 0x00000000   Number         0  stm32f1xx_hal_pwr.o ABSOLUTE
    ../Drivers/STM32F1xx_HAL_Driver/Src/stm32f1xx_hal_rcc.c 0x00000000   Number         0  stm32f1xx_hal_rcc.o ABSOLUTE
    ../Drivers/STM32F1xx_HAL_Driver/Src/stm32f1xx_hal_rcc_ex.c 0x00000000   Number         0  stm32f1xx_hal_rcc_ex.o ABSOLUTE
    ../Drivers/STM32F1xx_HAL_Driver/Src/stm32f1xx_hal_spi.c 0x00000000   Number         0  stm32f1xx_hal_spi.o ABSOLUTE
    ../Drivers/STM32F1xx_HAL_Driver/Src/stm32f1xx_hal_tim.c 0x00000000   Number         0  stm32f1xx_hal_tim.o ABSOLUTE
    ../Drivers/STM32F1xx_HAL_Driver/Src/stm32f1xx_hal_tim_ex.c 0x00000000   Number         0  stm32f1xx_hal_tim_ex.o ABSOLUTE
    ../clib/microlib/errno.c                 0x00000000   Number         0  errno.o ABSOLUTE
    ../clib/microlib/init/entry.s            0x00000000   Number         0  entry2.o ABSOLUTE
    ../clib/microlib/init/entry.s            0x00000000   Number         0  entry11b.o ABSOLUTE
    ../clib/microlib/init/entry.s            0x00000000   Number         0  entry11a.o ABSOLUTE
    ../clib/microlib/init/entry.s            0x00000000   Number         0  entry10b.o ABSOLUTE
    ../clib/microlib/init/entry.s            0x00000000   Number         0  entry10a.o ABSOLUTE
    ../clib/microlib/init/entry.s            0x00000000   Number         0  entry8a.o ABSOLUTE
    ../clib/microlib/init/entry.s            0x00000000   Number         0  entry9b.o ABSOLUTE
    ../clib/microlib/init/entry.s            0x00000000   Number         0  entry9a.o ABSOLUTE
    ../clib/microlib/init/entry.s            0x00000000   Number         0  entry.o ABSOLUTE
    ../clib/microlib/init/entry.s            0x00000000   Number         0  entry8b.o ABSOLUTE
    ../clib/microlib/init/entry.s            0x00000000   Number         0  entry7b.o ABSOLUTE
    ../clib/microlib/init/entry.s            0x00000000   Number         0  entry7a.o ABSOLUTE
    ../clib/microlib/init/entry.s            0x00000000   Number         0  entry5.o ABSOLUTE
    ../clib/microlib/longlong.c              0x00000000   Number         0  llushr.o ABSOLUTE
    ../clib/microlib/longlong.c              0x00000000   Number         0  llsshr.o ABSOLUTE
    ../clib/microlib/longlong.c              0x00000000   Number         0  llshl.o ABSOLUTE
    ../clib/microlib/stdlib/rand.c           0x00000000   Number         0  rand.o ABSOLUTE
    ../clib/microlib/string/memcpy.c         0x00000000   Number         0  memcpya.o ABSOLUTE
    ../clib/microlib/string/memcpy.c         0x00000000   Number         0  memcpyb.o ABSOLUTE
    ../clib/microlib/string/memset.c         0x00000000   Number         0  memseta.o ABSOLUTE
    ../clib/microlib/string/strlen.c         0x00000000   Number         0  strlen.o ABSOLUTE
    ../clib/microlib/stubs.s                 0x00000000   Number         0  iusefp.o ABSOLUTE
    ../fplib/microlib/d2f.c                  0x00000000   Number         0  d2f.o ABSOLUTE
    ../fplib/microlib/f2d.c                  0x00000000   Number         0  f2d.o ABSOLUTE
    ../fplib/microlib/fpadd.c                0x00000000   Number         0  fadd.o ABSOLUTE
    ../fplib/microlib/fpadd.c                0x00000000   Number         0  dadd.o ABSOLUTE
    ../fplib/microlib/fpdiv.c                0x00000000   Number         0  ddiv.o ABSOLUTE
    ../fplib/microlib/fpdiv.c                0x00000000   Number         0  fdiv.o ABSOLUTE
    ../fplib/microlib/fpepilogue.c           0x00000000   Number         0  depilogue.o ABSOLUTE
    ../fplib/microlib/fpepilogue.c           0x00000000   Number         0  fepilogue.o ABSOLUTE
    ../fplib/microlib/fpfix.c                0x00000000   Number         0  dfixi.o ABSOLUTE
    ../fplib/microlib/fpflt.c                0x00000000   Number         0  fflti.o ABSOLUTE
    ../fplib/microlib/fpflt.c                0x00000000   Number         0  dfltui.o ABSOLUTE
    ../fplib/microlib/fpflt.c                0x00000000   Number         0  dflti.o ABSOLUTE
    ../fplib/microlib/fpflt.c                0x00000000   Number         0  ffltui.o ABSOLUTE
    ../fplib/microlib/fpmul.c                0x00000000   Number         0  dmul.o ABSOLUTE
    ../fplib/microlib/fpscalb.c              0x00000000   Number         0  dscalb.o ABSOLUTE
    ../fplib/microlib/fpscalb.c              0x00000000   Number         0  fscalb.o ABSOLUTE
    ../mathlib/atan.c                        0x00000000   Number         0  atan_x.o ABSOLUTE
    ../mathlib/atan.c                        0x00000000   Number         0  atan.o ABSOLUTE
    ../mathlib/atan2.c                       0x00000000   Number         0  atan2_x.o ABSOLUTE
    ../mathlib/atan2.c                       0x00000000   Number         0  atan2.o ABSOLUTE
    ../mathlib/cos.c                         0x00000000   Number         0  cos.o ABSOLUTE
    ../mathlib/cos.c                         0x00000000   Number         0  cos_x.o ABSOLUTE
    ../mathlib/cos_i.c                       0x00000000   Number         0  cos_i.o ABSOLUTE
    ../mathlib/dunder.c                      0x00000000   Number         0  dunder.o ABSOLUTE
    ../mathlib/fpclassify.c                  0x00000000   Number         0  fpclassify.o ABSOLUTE
    ../mathlib/poly.c                        0x00000000   Number         0  poly.o ABSOLUTE
    ../mathlib/qnan.c                        0x00000000   Number         0  qnan.o ABSOLUTE
    ../mathlib/rred.c                        0x00000000   Number         0  rred.o ABSOLUTE
    ../mathlib/sin.c                         0x00000000   Number         0  sin_x.o ABSOLUTE
    ../mathlib/sin.c                         0x00000000   Number         0  sin.o ABSOLUTE
    ../mathlib/sin_i.c                       0x00000000   Number         0  sin_i.o ABSOLUTE
    ../mathlib/sin_i.c                       0x00000000   Number         0  sin_i_x.o ABSOLUTE
    ..\Core\Src\gpio.c                       0x00000000   Number         0  gpio.o ABSOLUTE
    ..\Core\Src\main.c                       0x00000000   Number         0  main.o ABSOLUTE
    ..\Core\Src\spi.c                        0x00000000   Number         0  spi.o ABSOLUTE
    ..\Core\Src\stm32f1xx_hal_msp.c          0x00000000   Number         0  stm32f1xx_hal_msp.o ABSOLUTE
    ..\Core\Src\stm32f1xx_it.c               0x00000000   Number         0  stm32f1xx_it.o ABSOLUTE
    ..\Core\Src\system_stm32f1xx.c           0x00000000   Number         0  system_stm32f1xx.o ABSOLUTE
    ..\Drivers\STM32F1xx_HAL_Driver\Src\stm32f1xx_hal.c 0x00000000   Number         0  stm32f1xx_hal.o ABSOLUTE
    ..\Drivers\STM32F1xx_HAL_Driver\Src\stm32f1xx_hal_cortex.c 0x00000000   Number         0  stm32f1xx_hal_cortex.o ABSOLUTE
    ..\Drivers\STM32F1xx_HAL_Driver\Src\stm32f1xx_hal_dma.c 0x00000000   Number         0  stm32f1xx_hal_dma.o ABSOLUTE
    ..\Drivers\STM32F1xx_HAL_Driver\Src\stm32f1xx_hal_exti.c 0x00000000   Number         0  stm32f1xx_hal_exti.o ABSOLUTE
    ..\Drivers\STM32F1xx_HAL_Driver\Src\stm32f1xx_hal_flash.c 0x00000000   Number         0  stm32f1xx_hal_flash.o ABSOLUTE
    ..\Drivers\STM32F1xx_HAL_Driver\Src\stm32f1xx_hal_flash_ex.c 0x00000000   Number         0  stm32f1xx_hal_flash_ex.o ABSOLUTE
    ..\Drivers\STM32F1xx_HAL_Driver\Src\stm32f1xx_hal_gpio.c 0x00000000   Number         0  stm32f1xx_hal_gpio.o ABSOLUTE
    ..\Drivers\STM32F1xx_HAL_Driver\Src\stm32f1xx_hal_gpio_ex.c 0x00000000   Number         0  stm32f1xx_hal_gpio_ex.o ABSOLUTE
    ..\Drivers\STM32F1xx_HAL_Driver\Src\stm32f1xx_hal_pwr.c 0x00000000   Number         0  stm32f1xx_hal_pwr.o ABSOLUTE
    ..\Drivers\STM32F1xx_HAL_Driver\Src\stm32f1xx_hal_rcc.c 0x00000000   Number         0  stm32f1xx_hal_rcc.o ABSOLUTE
    ..\Drivers\STM32F1xx_HAL_Driver\Src\stm32f1xx_hal_rcc_ex.c 0x00000000   Number         0  stm32f1xx_hal_rcc_ex.o ABSOLUTE
    ..\Drivers\STM32F1xx_HAL_Driver\Src\stm32f1xx_hal_spi.c 0x00000000   Number         0  stm32f1xx_hal_spi.o ABSOLUTE
    ..\Drivers\STM32F1xx_HAL_Driver\Src\stm32f1xx_hal_tim.c 0x00000000   Number         0  stm32f1xx_hal_tim.o ABSOLUTE
    ..\Drivers\STM32F1xx_HAL_Driver\Src\stm32f1xx_hal_tim_ex.c 0x00000000   Number         0  stm32f1xx_hal_tim_ex.o ABSOLUTE
    ..\\example\\oled_draw_ex_example.c      0x00000000   Number         0  oled_draw_ex_example.o ABSOLUTE
    ..\\example\\test.c                      0x00000000   Number         0  test.o ABSOLUTE
    ..\\oledlib\\oled_config.c               0x00000000   Number         0  oled_config.o ABSOLUTE
    ..\\oledlib\\oled_driver.c               0x00000000   Number         0  oled_driver.o ABSOLUTE
    ..\example\oled_draw_ex_example.c        0x00000000   Number         0  oled_draw_ex_example.o ABSOLUTE
    ..\example\physical.c                    0x00000000   Number         0  physical.o ABSOLUTE
    ..\example\test.c                        0x00000000   Number         0  test.o ABSOLUTE
    ..\oledlib\oled_basic.c                  0x00000000   Number         0  oled_basic.o ABSOLUTE
    ..\oledlib\oled_bmp.c                    0x00000000   Number         0  oled_bmp.o ABSOLUTE
    ..\oledlib\oled_buffer.c                 0x00000000   Number         0  oled_buffer.o ABSOLUTE
    ..\oledlib\oled_color.c                  0x00000000   Number         0  oled_color.o ABSOLUTE
    ..\oledlib\oled_config.c                 0x00000000   Number         0  oled_config.o ABSOLUTE
    ..\oledlib\oled_debug.c                  0x00000000   Number         0  oled_debug.o ABSOLUTE
    ..\oledlib\oled_draw.c                   0x00000000   Number         0  oled_draw.o ABSOLUTE
    ..\oledlib\oled_driver.c                 0x00000000   Number         0  oled_driver.o ABSOLUTE
    ..\oledlib\oled_font.c                   0x00000000   Number         0  oled_font.o ABSOLUTE
    cfrcmple.s                               0x00000000   Number         0  cfrcmple.o ABSOLUTE
    dc.s                                     0x00000000   Number         0  dc.o ABSOLUTE
    handlers.s                               0x00000000   Number         0  handlers.o ABSOLUTE
    init.s                                   0x00000000   Number         0  init.o ABSOLUTE
    startup_stm32f103xb.s                    0x00000000   Number         0  startup_stm32f103xb.o ABSOLUTE
    RESET                                    0x08000000   Section      236  startup_stm32f103xb.o(RESET)
    .ARM.Collect$$$$00000000                 0x080000ec   Section        0  entry.o(.ARM.Collect$$$$00000000)
    .ARM.Collect$$$$00000001                 0x080000ec   Section        4  entry2.o(.ARM.Collect$$$$00000001)
    .ARM.Collect$$$$00000004                 0x080000f0   Section        4  entry5.o(.ARM.Collect$$$$00000004)
    .ARM.Collect$$$$00000008                 0x080000f4   Section        0  entry7b.o(.ARM.Collect$$$$00000008)
    .ARM.Collect$$$$0000000A                 0x080000f4   Section        0  entry8b.o(.ARM.Collect$$$$0000000A)
    .ARM.Collect$$$$0000000B                 0x080000f4   Section        8  entry9a.o(.ARM.Collect$$$$0000000B)
    .ARM.Collect$$$$0000000D                 0x080000fc   Section        0  entry10a.o(.ARM.Collect$$$$0000000D)
    .ARM.Collect$$$$0000000F                 0x080000fc   Section        0  entry11a.o(.ARM.Collect$$$$0000000F)
    .ARM.Collect$$$$00002712                 0x080000fc   Section        4  entry2.o(.ARM.Collect$$$$00002712)
    __lit__00000000                          0x080000fc   Data           4  entry2.o(.ARM.Collect$$$$00002712)
    .text                                    0x08000100   Section       36  startup_stm32f103xb.o(.text)
    .text                                    0x08000124   Section        0  memseta.o(.text)
    .text                                    0x08000148   Section       36  init.o(.text)
    i.BusFault_Handler                       0x0800016c   Section        0  stm32f1xx_it.o(i.BusFault_Handler)
    i.DebugMon_Handler                       0x0800016e   Section        0  stm32f1xx_it.o(i.DebugMon_Handler)
    i.DrawBitmap                             0x08000170   Section        0  oled_draw.o(i.DrawBitmap)
    i.DriverInit                             0x08000316   Section        0  oled_config.o(i.DriverInit)
    i.Error_Handler                          0x08000324   Section        0  main.o(i.Error_Handler)
    i.GetDrawColor                           0x08000328   Section        0  oled_color.o(i.GetDrawColor)
    i.HAL_Delay                              0x08000334   Section        0  stm32f1xx_hal.o(i.HAL_Delay)
    i.HAL_GPIO_Init                          0x08000358   Section        0  stm32f1xx_hal_gpio.o(i.HAL_GPIO_Init)
    i.HAL_GPIO_TogglePin                     0x08000538   Section        0  stm32f1xx_hal_gpio.o(i.HAL_GPIO_TogglePin)
    i.HAL_GPIO_WritePin                      0x08000548   Section        0  stm32f1xx_hal_gpio.o(i.HAL_GPIO_WritePin)
    i.HAL_GetTick                            0x08000554   Section        0  stm32f1xx_hal.o(i.HAL_GetTick)
    i.HAL_IncTick                            0x08000560   Section        0  stm32f1xx_hal.o(i.HAL_IncTick)
    i.HAL_Init                               0x08000570   Section        0  stm32f1xx_hal.o(i.HAL_Init)
    i.HAL_InitTick                           0x08000594   Section        0  stm32f1xx_hal.o(i.HAL_InitTick)
    i.HAL_MspInit                            0x080005d4   Section        0  stm32f1xx_hal_msp.o(i.HAL_MspInit)
    i.HAL_NVIC_SetPriority                   0x08000610   Section        0  stm32f1xx_hal_cortex.o(i.HAL_NVIC_SetPriority)
    i.HAL_NVIC_SetPriorityGrouping           0x08000650   Section        0  stm32f1xx_hal_cortex.o(i.HAL_NVIC_SetPriorityGrouping)
    i.HAL_RCC_ClockConfig                    0x08000674   Section        0  stm32f1xx_hal_rcc.o(i.HAL_RCC_ClockConfig)
    i.HAL_RCC_GetSysClockFreq                0x080007a0   Section        0  stm32f1xx_hal_rcc.o(i.HAL_RCC_GetSysClockFreq)
    i.HAL_RCC_OscConfig                      0x0800080c   Section        0  stm32f1xx_hal_rcc.o(i.HAL_RCC_OscConfig)
    i.HAL_SPI_Init                           0x08000b2c   Section        0  stm32f1xx_hal_spi.o(i.HAL_SPI_Init)
    i.HAL_SPI_MspInit                        0x08000be0   Section        0  spi.o(i.HAL_SPI_MspInit)
    i.HAL_SPI_Transmit                       0x08000c50   Section        0  stm32f1xx_hal_spi.o(i.HAL_SPI_Transmit)
    i.HAL_SYSTICK_Config                     0x08000db6   Section        0  stm32f1xx_hal_cortex.o(i.HAL_SYSTICK_Config)
    i.HardFault_Handler                      0x08000dde   Section        0  stm32f1xx_it.o(i.HardFault_Handler)
    i.InitGraph                              0x08000de0   Section        0  oled_basic.o(i.InitGraph)
    i.MX_GPIO_Init                           0x08000de4   Section        0  gpio.o(i.MX_GPIO_Init)
    i.MX_SPI1_Init                           0x08000e7c   Section        0  spi.o(i.MX_SPI1_Init)
    i.MemManage_Handler                      0x08000ec4   Section        0  stm32f1xx_it.o(i.MemManage_Handler)
    i.NMI_Handler                            0x08000ec6   Section        0  stm32f1xx_it.o(i.NMI_Handler)
    i.OLED_CLS                               0x08000ec8   Section        0  oled_driver.o(i.OLED_CLS)
    i.OLED_FILL                              0x08000efc   Section        0  oled_driver.o(i.OLED_FILL)
    i.OLED_Init                              0x08000f36   Section        0  oled_driver.o(i.OLED_Init)
    i.PendSV_Handler                         0x08000fe8   Section        0  stm32f1xx_it.o(i.PendSV_Handler)
    i.ReadByteBuffer                         0x08000fec   Section        0  oled_buffer.o(i.ReadByteBuffer)
    i.SPI_Configuration                      0x0800100c   Section        0  oled_driver.o(i.SPI_Configuration)
    i.SPI_EndRxTxTransaction                 0x08001044   Section        0  stm32f1xx_hal_spi.o(i.SPI_EndRxTxTransaction)
    SPI_EndRxTxTransaction                   0x08001045   Thumb Code    32  stm32f1xx_hal_spi.o(i.SPI_EndRxTxTransaction)
    i.SPI_WaitFlagStateUntilTimeout          0x08001064   Section        0  stm32f1xx_hal_spi.o(i.SPI_WaitFlagStateUntilTimeout)
    SPI_WaitFlagStateUntilTimeout            0x08001065   Thumb Code   180  stm32f1xx_hal_spi.o(i.SPI_WaitFlagStateUntilTimeout)
    i.SPI_WriterByte                         0x0800111c   Section        0  oled_driver.o(i.SPI_WriterByte)
    i.SVC_Handler                            0x08001130   Section        0  stm32f1xx_it.o(i.SVC_Handler)
    i.SysTick_Handler                        0x08001132   Section        0  stm32f1xx_it.o(i.SysTick_Handler)
    i.SystemClock_Config                     0x08001136   Section        0  main.o(i.SystemClock_Config)
    i.SystemInit                             0x08001184   Section        0  system_stm32f1xx.o(i.SystemInit)
    i.UpdateScreen                           0x08001186   Section        0  oled_basic.o(i.UpdateScreen)
    i.UpdateScreenBuffer                     0x0800118c   Section        0  oled_config.o(i.UpdateScreenBuffer)
    i.UpdateScreenDisplay                    0x08001198   Section        0  oled_buffer.o(i.UpdateScreenDisplay)
    i.UsageFault_Handler                     0x0800119c   Section        0  stm32f1xx_it.o(i.UsageFault_Handler)
    i.WriteByteBuffer                        0x080011a0   Section        0  oled_buffer.o(i.WriteByteBuffer)
    i.WriteCmd                               0x080011c0   Section        0  oled_driver.o(i.WriteCmd)
    i.WriteDat                               0x080011fc   Section        0  oled_driver.o(i.WriteDat)
    i.__NVIC_SetPriority                     0x08001238   Section        0  stm32f1xx_hal_cortex.o(i.__NVIC_SetPriority)
    __NVIC_SetPriority                       0x08001239   Thumb Code    32  stm32f1xx_hal_cortex.o(i.__NVIC_SetPriority)
    i.__scatterload_copy                     0x08001258   Section       14  handlers.o(i.__scatterload_copy)
    i.__scatterload_null                     0x08001266   Section        2  handlers.o(i.__scatterload_null)
    i.__scatterload_zeroinit                 0x08001268   Section       14  handlers.o(i.__scatterload_zeroinit)
    i.main                                   0x08001278   Section        0  main.o(i.main)
    i.pgm_read_byte                          0x080012c4   Section        0  oled_basic.o(i.pgm_read_byte)
    .constdata                               0x080012c8   Section       16  system_stm32f1xx.o(.constdata)
    .constdata                               0x080012d8   Section     1024  oled_bmp.o(.constdata)
    .data                                    0x20000000   Section       12  stm32f1xx_hal.o(.data)
    .data                                    0x2000000c   Section        4  system_stm32f1xx.o(.data)
    .data                                    0x20000010   Section        1  oled_buffer.o(.data)
    _SelectedBuffer                          0x20000010   Data           1  oled_buffer.o(.data)
    .data                                    0x20000011   Section        2  oled_color.o(.data)
    _Draw                                    0x20000011   Data           1  oled_color.o(.data)
    _fill                                    0x20000012   Data           1  oled_color.o(.data)
    .bss                                     0x20000014   Section       88  spi.o(.bss)
    .bss                                     0x2000006c   Section     2048  oled_buffer.o(.bss)
    STACK                                    0x20000870   Section     1024  startup_stm32f103xb.o(STACK)

    Global Symbols

    Symbol Name                              Value     Ov Type        Size  Object(Section)

    BuildAttributes$$THM_ISAv4$P$D$K$B$S$PE$A:L22UL41UL21$X:L11$S22US41US21$IEEE1$IW$USESV6$~STKCKD$USESV7$~SHL$OTIME$ROPI$IEEEX$EBA8$MICROLIB$REQ8$PRES8$EABIv2 0x00000000   Number         0  anon$$obj.o ABSOLUTE
    __ARM_use_no_argv                        0x00000000   Number         0  main.o ABSOLUTE
    __cpp_initialize__aeabi_                  - Undefined Weak Reference
    __cxa_finalize                            - Undefined Weak Reference
    __decompress                              - Undefined Weak Reference
    _clock_init                               - Undefined Weak Reference
    _microlib_exit                            - Undefined Weak Reference
    __Vectors_Size                           0x000000ec   Number         0  startup_stm32f103xb.o ABSOLUTE
    __Vectors                                0x08000000   Data           4  startup_stm32f103xb.o(RESET)
    __Vectors_End                            0x080000ec   Data           0  startup_stm32f103xb.o(RESET)
    __main                                   0x080000ed   Thumb Code     0  entry.o(.ARM.Collect$$$$00000000)
    _main_stk                                0x080000ed   Thumb Code     0  entry2.o(.ARM.Collect$$$$00000001)
    _main_scatterload                        0x080000f1   Thumb Code     0  entry5.o(.ARM.Collect$$$$00000004)
    __main_after_scatterload                 0x080000f5   Thumb Code     0  entry5.o(.ARM.Collect$$$$00000004)
    _main_clock                              0x080000f5   Thumb Code     0  entry7b.o(.ARM.Collect$$$$00000008)
    _main_cpp_init                           0x080000f5   Thumb Code     0  entry8b.o(.ARM.Collect$$$$0000000A)
    _main_init                               0x080000f5   Thumb Code     0  entry9a.o(.ARM.Collect$$$$0000000B)
    __rt_final_cpp                           0x080000fd   Thumb Code     0  entry10a.o(.ARM.Collect$$$$0000000D)
    __rt_final_exit                          0x080000fd   Thumb Code     0  entry11a.o(.ARM.Collect$$$$0000000F)
    Reset_Handler                            0x08000101   Thumb Code     8  startup_stm32f103xb.o(.text)
    ADC1_2_IRQHandler                        0x0800011b   Thumb Code     0  startup_stm32f103xb.o(.text)
    CAN1_RX1_IRQHandler                      0x0800011b   Thumb Code     0  startup_stm32f103xb.o(.text)
    CAN1_SCE_IRQHandler                      0x0800011b   Thumb Code     0  startup_stm32f103xb.o(.text)
    DMA1_Channel1_IRQHandler                 0x0800011b   Thumb Code     0  startup_stm32f103xb.o(.text)
    DMA1_Channel2_IRQHandler                 0x0800011b   Thumb Code     0  startup_stm32f103xb.o(.text)
    DMA1_Channel3_IRQHandler                 0x0800011b   Thumb Code     0  startup_stm32f103xb.o(.text)
    DMA1_Channel4_IRQHandler                 0x0800011b   Thumb Code     0  startup_stm32f103xb.o(.text)
    DMA1_Channel5_IRQHandler                 0x0800011b   Thumb Code     0  startup_stm32f103xb.o(.text)
    DMA1_Channel6_IRQHandler                 0x0800011b   Thumb Code     0  startup_stm32f103xb.o(.text)
    DMA1_Channel7_IRQHandler                 0x0800011b   Thumb Code     0  startup_stm32f103xb.o(.text)
    EXTI0_IRQHandler                         0x0800011b   Thumb Code     0  startup_stm32f103xb.o(.text)
    EXTI15_10_IRQHandler                     0x0800011b   Thumb Code     0  startup_stm32f103xb.o(.text)
    EXTI1_IRQHandler                         0x0800011b   Thumb Code     0  startup_stm32f103xb.o(.text)
    EXTI2_IRQHandler                         0x0800011b   Thumb Code     0  startup_stm32f103xb.o(.text)
    EXTI3_IRQHandler                         0x0800011b   Thumb Code     0  startup_stm32f103xb.o(.text)
    EXTI4_IRQHandler                         0x0800011b   Thumb Code     0  startup_stm32f103xb.o(.text)
    EXTI9_5_IRQHandler                       0x0800011b   Thumb Code     0  startup_stm32f103xb.o(.text)
    FLASH_IRQHandler                         0x0800011b   Thumb Code     0  startup_stm32f103xb.o(.text)
    I2C1_ER_IRQHandler                       0x0800011b   Thumb Code     0  startup_stm32f103xb.o(.text)
    I2C1_EV_IRQHandler                       0x0800011b   Thumb Code     0  startup_stm32f103xb.o(.text)
    I2C2_ER_IRQHandler                       0x0800011b   Thumb Code     0  startup_stm32f103xb.o(.text)
    I2C2_EV_IRQHandler                       0x0800011b   Thumb Code     0  startup_stm32f103xb.o(.text)
    PVD_IRQHandler                           0x0800011b   Thumb Code     0  startup_stm32f103xb.o(.text)
    RCC_IRQHandler                           0x0800011b   Thumb Code     0  startup_stm32f103xb.o(.text)
    RTC_Alarm_IRQHandler                     0x0800011b   Thumb Code     0  startup_stm32f103xb.o(.text)
    RTC_IRQHandler                           0x0800011b   Thumb Code     0  startup_stm32f103xb.o(.text)
    SPI1_IRQHandler                          0x0800011b   Thumb Code     0  startup_stm32f103xb.o(.text)
    SPI2_IRQHandler                          0x0800011b   Thumb Code     0  startup_stm32f103xb.o(.text)
    TAMPER_IRQHandler                        0x0800011b   Thumb Code     0  startup_stm32f103xb.o(.text)
    TIM1_BRK_IRQHandler                      0x0800011b   Thumb Code     0  startup_stm32f103xb.o(.text)
    TIM1_CC_IRQHandler                       0x0800011b   Thumb Code     0  startup_stm32f103xb.o(.text)
    TIM1_TRG_COM_IRQHandler                  0x0800011b   Thumb Code     0  startup_stm32f103xb.o(.text)
    TIM1_UP_IRQHandler                       0x0800011b   Thumb Code     0  startup_stm32f103xb.o(.text)
    TIM2_IRQHandler                          0x0800011b   Thumb Code     0  startup_stm32f103xb.o(.text)
    TIM3_IRQHandler                          0x0800011b   Thumb Code     0  startup_stm32f103xb.o(.text)
    TIM4_IRQHandler                          0x0800011b   Thumb Code     0  startup_stm32f103xb.o(.text)
    USART1_IRQHandler                        0x0800011b   Thumb Code     0  startup_stm32f103xb.o(.text)
    USART2_IRQHandler                        0x0800011b   Thumb Code     0  startup_stm32f103xb.o(.text)
    USART3_IRQHandler                        0x0800011b   Thumb Code     0  startup_stm32f103xb.o(.text)
    USBWakeUp_IRQHandler                     0x0800011b   Thumb Code     0  startup_stm32f103xb.o(.text)
    USB_HP_CAN1_TX_IRQHandler                0x0800011b   Thumb Code     0  startup_stm32f103xb.o(.text)
    USB_LP_CAN1_RX0_IRQHandler               0x0800011b   Thumb Code     0  startup_stm32f103xb.o(.text)
    WWDG_IRQHandler                          0x0800011b   Thumb Code     0  startup_stm32f103xb.o(.text)
    __aeabi_memset                           0x08000125   Thumb Code    14  memseta.o(.text)
    __aeabi_memset4                          0x08000125   Thumb Code     0  memseta.o(.text)
    __aeabi_memset8                          0x08000125   Thumb Code     0  memseta.o(.text)
    __aeabi_memclr                           0x08000133   Thumb Code     4  memseta.o(.text)
    __aeabi_memclr4                          0x08000133   Thumb Code     0  memseta.o(.text)
    __aeabi_memclr8                          0x08000133   Thumb Code     0  memseta.o(.text)
    _memset$wrapper                          0x08000137   Thumb Code    18  memseta.o(.text)
    __scatterload                            0x08000149   Thumb Code    28  init.o(.text)
    __scatterload_rt2                        0x08000149   Thumb Code     0  init.o(.text)
    BusFault_Handler                         0x0800016d   Thumb Code     2  stm32f1xx_it.o(i.BusFault_Handler)
    DebugMon_Handler                         0x0800016f   Thumb Code     2  stm32f1xx_it.o(i.DebugMon_Handler)
    DrawBitmap                               0x08000171   Thumb Code   422  oled_draw.o(i.DrawBitmap)
    DriverInit                               0x08000317   Thumb Code    14  oled_config.o(i.DriverInit)
    Error_Handler                            0x08000325   Thumb Code     2  main.o(i.Error_Handler)
    GetDrawColor                             0x08000329   Thumb Code     6  oled_color.o(i.GetDrawColor)
    HAL_Delay                                0x08000335   Thumb Code    32  stm32f1xx_hal.o(i.HAL_Delay)
    HAL_GPIO_Init                            0x08000359   Thumb Code   446  stm32f1xx_hal_gpio.o(i.HAL_GPIO_Init)
    HAL_GPIO_TogglePin                       0x08000539   Thumb Code    16  stm32f1xx_hal_gpio.o(i.HAL_GPIO_TogglePin)
    HAL_GPIO_WritePin                        0x08000549   Thumb Code    10  stm32f1xx_hal_gpio.o(i.HAL_GPIO_WritePin)
    HAL_GetTick                              0x08000555   Thumb Code     6  stm32f1xx_hal.o(i.HAL_GetTick)
    HAL_IncTick                              0x08000561   Thumb Code    12  stm32f1xx_hal.o(i.HAL_IncTick)
    HAL_Init                                 0x08000571   Thumb Code    32  stm32f1xx_hal.o(i.HAL_Init)
    HAL_InitTick                             0x08000595   Thumb Code    54  stm32f1xx_hal.o(i.HAL_InitTick)
    HAL_MspInit                              0x080005d5   Thumb Code    52  stm32f1xx_hal_msp.o(i.HAL_MspInit)
    HAL_NVIC_SetPriority                     0x08000611   Thumb Code    60  stm32f1xx_hal_cortex.o(i.HAL_NVIC_SetPriority)
    HAL_NVIC_SetPriorityGrouping             0x08000651   Thumb Code    26  stm32f1xx_hal_cortex.o(i.HAL_NVIC_SetPriorityGrouping)
    HAL_RCC_ClockConfig                      0x08000675   Thumb Code   280  stm32f1xx_hal_rcc.o(i.HAL_RCC_ClockConfig)
    HAL_RCC_GetSysClockFreq                  0x080007a1   Thumb Code    74  stm32f1xx_hal_rcc.o(i.HAL_RCC_GetSysClockFreq)
    HAL_RCC_OscConfig                        0x0800080d   Thumb Code   778  stm32f1xx_hal_rcc.o(i.HAL_RCC_OscConfig)
    HAL_SPI_Init                             0x08000b2d   Thumb Code   178  stm32f1xx_hal_spi.o(i.HAL_SPI_Init)
    HAL_SPI_MspInit                          0x08000be1   Thumb Code    98  spi.o(i.HAL_SPI_MspInit)
    HAL_SPI_Transmit                         0x08000c51   Thumb Code   358  stm32f1xx_hal_spi.o(i.HAL_SPI_Transmit)
    HAL_SYSTICK_Config                       0x08000db7   Thumb Code    40  stm32f1xx_hal_cortex.o(i.HAL_SYSTICK_Config)
    HardFault_Handler                        0x08000ddf   Thumb Code     2  stm32f1xx_it.o(i.HardFault_Handler)
    InitGraph                                0x08000de1   Thumb Code     4  oled_basic.o(i.InitGraph)
    MX_GPIO_Init                             0x08000de5   Thumb Code   140  gpio.o(i.MX_GPIO_Init)
    MX_SPI1_Init                             0x08000e7d   Thumb Code    62  spi.o(i.MX_SPI1_Init)
    MemManage_Handler                        0x08000ec5   Thumb Code     2  stm32f1xx_it.o(i.MemManage_Handler)
    NMI_Handler                              0x08000ec7   Thumb Code     2  stm32f1xx_it.o(i.NMI_Handler)
    OLED_CLS                                 0x08000ec9   Thumb Code    52  oled_driver.o(i.OLED_CLS)
    OLED_FILL                                0x08000efd   Thumb Code    58  oled_driver.o(i.OLED_FILL)
    OLED_Init                                0x08000f37   Thumb Code   178  oled_driver.o(i.OLED_Init)
    PendSV_Handler                           0x08000fe9   Thumb Code     2  stm32f1xx_it.o(i.PendSV_Handler)
    ReadByteBuffer                           0x08000fed   Thumb Code    20  oled_buffer.o(i.ReadByteBuffer)
    SPI_Configuration                        0x0800100d   Thumb Code    50  oled_driver.o(i.SPI_Configuration)
    SPI_WriterByte                           0x0800111d   Thumb Code    16  oled_driver.o(i.SPI_WriterByte)
    SVC_Handler                              0x08001131   Thumb Code     2  stm32f1xx_it.o(i.SVC_Handler)
    SysTick_Handler                          0x08001133   Thumb Code     4  stm32f1xx_it.o(i.SysTick_Handler)
    SystemClock_Config                       0x08001137   Thumb Code    78  main.o(i.SystemClock_Config)
    SystemInit                               0x08001185   Thumb Code     2  system_stm32f1xx.o(i.SystemInit)
    UpdateScreen                             0x08001187   Thumb Code     4  oled_basic.o(i.UpdateScreen)
    UpdateScreenBuffer                       0x0800118d   Thumb Code     6  oled_config.o(i.UpdateScreenBuffer)
    UpdateScreenDisplay                      0x08001199   Thumb Code     4  oled_buffer.o(i.UpdateScreenDisplay)
    UsageFault_Handler                       0x0800119d   Thumb Code     2  stm32f1xx_it.o(i.UsageFault_Handler)
    WriteByteBuffer                          0x080011a1   Thumb Code    20  oled_buffer.o(i.WriteByteBuffer)
    WriteCmd                                 0x080011c1   Thumb Code    56  oled_driver.o(i.WriteCmd)
    WriteDat                                 0x080011fd   Thumb Code    56  oled_driver.o(i.WriteDat)
    __scatterload_copy                       0x08001259   Thumb Code    14  handlers.o(i.__scatterload_copy)
    __scatterload_null                       0x08001267   Thumb Code     2  handlers.o(i.__scatterload_null)
    __scatterload_zeroinit                   0x08001269   Thumb Code    14  handlers.o(i.__scatterload_zeroinit)
    main                                     0x08001279   Thumb Code    68  main.o(i.main)
    pgm_read_byte                            0x080012c5   Thumb Code     4  oled_basic.o(i.pgm_read_byte)
    AHBPrescTable                            0x080012c8   Data          16  system_stm32f1xx.o(.constdata)
    Smile                                    0x080012d8   Data        1024  oled_bmp.o(.constdata)
    Region$$Table$$Base                      0x080016d8   Number         0  anon$$obj.o(Region$$Table)
    Region$$Table$$Limit                     0x080016f8   Number         0  anon$$obj.o(Region$$Table)
    uwTickFreq                               0x20000000   Data           1  stm32f1xx_hal.o(.data)
    uwTickPrio                               0x20000004   Data           4  stm32f1xx_hal.o(.data)
    uwTick                                   0x20000008   Data           4  stm32f1xx_hal.o(.data)
    SystemCoreClock                          0x2000000c   Data           4  system_stm32f1xx.o(.data)
    hspi1                                    0x20000014   Data          88  spi.o(.bss)
    ScreenBuffer                             0x2000006c   Data        1024  oled_buffer.o(.bss)
    TempBuffer                               0x2000046c   Data        1024  oled_buffer.o(.bss)
    __initial_sp                             0x20000c70   Data           0  startup_stm32f103xb.o(STACK)



==============================================================================

Memory Map of the image

  Image Entry point : 0x080000ed

  Load Region LR_IROM1 (Base: 0x08000000, Size: 0x0000170c, Max: 0x00010000, ABSOLUTE)

    Execution Region ER_IROM1 (Base: 0x08000000, Size: 0x000016f8, Max: 0x00010000, ABSOLUTE)

    Base Addr    Size         Type   Attr      Idx    E Section Name        Object

    0x08000000   0x000000ec   Data   RO            3    RESET               startup_stm32f103xb.o
    0x080000ec   0x00000000   Code   RO         2563  * .ARM.Collect$$$$00000000  mc_w.l(entry.o)
    0x080000ec   0x00000004   Code   RO         2648    .ARM.Collect$$$$00000001  mc_w.l(entry2.o)
    0x080000f0   0x00000004   Code   RO         2651    .ARM.Collect$$$$00000004  mc_w.l(entry5.o)
    0x080000f4   0x00000000   Code   RO         2653    .ARM.Collect$$$$00000008  mc_w.l(entry7b.o)
    0x080000f4   0x00000000   Code   RO         2655    .ARM.Collect$$$$0000000A  mc_w.l(entry8b.o)
    0x080000f4   0x00000008   Code   RO         2656    .ARM.Collect$$$$0000000B  mc_w.l(entry9a.o)
    0x080000fc   0x00000000   Code   RO         2658    .ARM.Collect$$$$0000000D  mc_w.l(entry10a.o)
    0x080000fc   0x00000000   Code   RO         2660    .ARM.Collect$$$$0000000F  mc_w.l(entry11a.o)
    0x080000fc   0x00000004   Code   RO         2649    .ARM.Collect$$$$00002712  mc_w.l(entry2.o)
    0x08000100   0x00000024   Code   RO            4    .text               startup_stm32f103xb.o
    0x08000124   0x00000024   Code   RO         2573    .text               mc_w.l(memseta.o)
    0x08000148   0x00000024   Code   RO         2682    .text               mc_w.l(init.o)
    0x0800016c   0x00000002   Code   RO          239    i.BusFault_Handler  stm32f1xx_it.o
    0x0800016e   0x00000002   Code   RO          240    i.DebugMon_Handler  stm32f1xx_it.o
    0x08000170   0x000001a6   Code   RO         2115    i.DrawBitmap        oled_draw.o
    0x08000316   0x0000000e   Code   RO         2019    i.DriverInit        oled_config.o
    0x08000324   0x00000002   Code   RO           13    i.Error_Handler     main.o
    0x08000326   0x00000002   PAD
    0x08000328   0x0000000c   Code   RO         1984    i.GetDrawColor      oled_color.o
    0x08000334   0x00000024   Code   RO          703    i.HAL_Delay         stm32f1xx_hal.o
    0x08000358   0x000001e0   Code   RO         1011    i.HAL_GPIO_Init     stm32f1xx_hal_gpio.o
    0x08000538   0x00000010   Code   RO         1014    i.HAL_GPIO_TogglePin  stm32f1xx_hal_gpio.o
    0x08000548   0x0000000a   Code   RO         1015    i.HAL_GPIO_WritePin  stm32f1xx_hal_gpio.o
    0x08000552   0x00000002   PAD
    0x08000554   0x0000000c   Code   RO          707    i.HAL_GetTick       stm32f1xx_hal.o
    0x08000560   0x00000010   Code   RO          713    i.HAL_IncTick       stm32f1xx_hal.o
    0x08000570   0x00000024   Code   RO          714    i.HAL_Init          stm32f1xx_hal.o
    0x08000594   0x00000040   Code   RO          715    i.HAL_InitTick      stm32f1xx_hal.o
    0x080005d4   0x0000003c   Code   RO          314    i.HAL_MspInit       stm32f1xx_hal_msp.o
    0x08000610   0x00000040   Code   RO         1177    i.HAL_NVIC_SetPriority  stm32f1xx_hal_cortex.o
    0x08000650   0x00000024   Code   RO         1178    i.HAL_NVIC_SetPriorityGrouping  stm32f1xx_hal_cortex.o
    0x08000674   0x0000012c   Code   RO          871    i.HAL_RCC_ClockConfig  stm32f1xx_hal_rcc.o
    0x080007a0   0x0000006c   Code   RO          880    i.HAL_RCC_GetSysClockFreq  stm32f1xx_hal_rcc.o
    0x0800080c   0x00000320   Code   RO          883    i.HAL_RCC_OscConfig  stm32f1xx_hal_rcc.o
    0x08000b2c   0x000000b2   Code   RO          385    i.HAL_SPI_Init      stm32f1xx_hal_spi.o
    0x08000bde   0x00000002   PAD
    0x08000be0   0x00000070   Code   RO          198    i.HAL_SPI_MspInit   spi.o
    0x08000c50   0x00000166   Code   RO          393    i.HAL_SPI_Transmit  stm32f1xx_hal_spi.o
    0x08000db6   0x00000028   Code   RO         1182    i.HAL_SYSTICK_Config  stm32f1xx_hal_cortex.o
    0x08000dde   0x00000002   Code   RO          241    i.HardFault_Handler  stm32f1xx_it.o
    0x08000de0   0x00000004   Code   RO         1752    i.InitGraph         oled_basic.o
    0x08000de4   0x00000098   Code   RO          173    i.MX_GPIO_Init      gpio.o
    0x08000e7c   0x00000048   Code   RO          199    i.MX_SPI1_Init      spi.o
    0x08000ec4   0x00000002   Code   RO          242    i.MemManage_Handler  stm32f1xx_it.o
    0x08000ec6   0x00000002   Code   RO          243    i.NMI_Handler       stm32f1xx_it.o
    0x08000ec8   0x00000034   Code   RO         2325    i.OLED_CLS          oled_driver.o
    0x08000efc   0x0000003a   Code   RO         2326    i.OLED_FILL         oled_driver.o
    0x08000f36   0x000000b2   Code   RO         2327    i.OLED_Init         oled_driver.o
    0x08000fe8   0x00000002   Code   RO          244    i.PendSV_Handler    stm32f1xx_it.o
    0x08000fea   0x00000002   PAD
    0x08000fec   0x00000020   Code   RO         1909    i.ReadByteBuffer    oled_buffer.o
    0x0800100c   0x00000038   Code   RO         2330    i.SPI_Configuration  oled_driver.o
    0x08001044   0x00000020   Code   RO          423    i.SPI_EndRxTxTransaction  stm32f1xx_hal_spi.o
    0x08001064   0x000000b8   Code   RO          428    i.SPI_WaitFlagStateUntilTimeout  stm32f1xx_hal_spi.o
    0x0800111c   0x00000014   Code   RO         2331    i.SPI_WriterByte    oled_driver.o
    0x08001130   0x00000002   Code   RO          245    i.SVC_Handler       stm32f1xx_it.o
    0x08001132   0x00000004   Code   RO          246    i.SysTick_Handler   stm32f1xx_it.o
    0x08001136   0x0000004e   Code   RO           14    i.SystemClock_Config  main.o
    0x08001184   0x00000002   Code   RO         1708    i.SystemInit        system_stm32f1xx.o
    0x08001186   0x00000004   Code   RO         1758    i.UpdateScreen      oled_basic.o
    0x0800118a   0x00000002   PAD
    0x0800118c   0x0000000c   Code   RO         2021    i.UpdateScreenBuffer  oled_config.o
    0x08001198   0x00000004   Code   RO         1914    i.UpdateScreenDisplay  oled_buffer.o
    0x0800119c   0x00000002   Code   RO          247    i.UsageFault_Handler  stm32f1xx_it.o
    0x0800119e   0x00000002   PAD
    0x080011a0   0x00000020   Code   RO         1915    i.WriteByteBuffer   oled_buffer.o
    0x080011c0   0x0000003c   Code   RO         2332    i.WriteCmd          oled_driver.o
    0x080011fc   0x0000003c   Code   RO         2333    i.WriteDat          oled_driver.o
    0x08001238   0x00000020   Code   RO         1184    i.__NVIC_SetPriority  stm32f1xx_hal_cortex.o
    0x08001258   0x0000000e   Code   RO         2686    i.__scatterload_copy  mc_w.l(handlers.o)
    0x08001266   0x00000002   Code   RO         2687    i.__scatterload_null  mc_w.l(handlers.o)
    0x08001268   0x0000000e   Code   RO         2688    i.__scatterload_zeroinit  mc_w.l(handlers.o)
    0x08001276   0x00000002   PAD
    0x08001278   0x0000004c   Code   RO           15    i.main              main.o
    0x080012c4   0x00000004   Code   RO         1763    i.pgm_read_byte     oled_basic.o
    0x080012c8   0x00000010   Data   RO         1709    .constdata          system_stm32f1xx.o
    0x080012d8   0x00000400   Data   RO         1893    .constdata          oled_bmp.o
    0x080016d8   0x00000020   Data   RO         2684    Region$$Table       anon$$obj.o


    Execution Region RW_IRAM1 (Base: 0x20000000, Size: 0x00000c70, Max: 0x00005000, ABSOLUTE)

    Base Addr    Size         Type   Attr      Idx    E Section Name        Object

    0x20000000   0x0000000c   Data   RW          721    .data               stm32f1xx_hal.o
    0x2000000c   0x00000004   Data   RW         1711    .data               system_stm32f1xx.o
    0x20000010   0x00000001   Data   RW         1917    .data               oled_buffer.o
    0x20000011   0x00000002   Data   RW         1988    .data               oled_color.o
    0x20000013   0x00000001   PAD
    0x20000014   0x00000058   Zero   RW          200    .bss                spi.o
    0x2000006c   0x00000800   Zero   RW         1916    .bss                oled_buffer.o
    0x2000086c   0x00000004   PAD
    0x20000870   0x00000400   Zero   RW            1    STACK               startup_stm32f103xb.o


==============================================================================

Image component sizes


      Code (inc. data)   RO Data    RW Data    ZI Data      Debug   Object Name

       152         12          0          0          0        839   gpio.o
       156          8          0          0          0     392384   main.o
        12          0          0          0          0       1930   oled_basic.o
         0          0       1024          0          0        651   oled_bmp.o
        68         24          0          1       2048       2205   oled_buffer.o
        12          6          0          2          0        567   oled_color.o
        26          6          0          0          0        806   oled_config.o
       422          0          0          0          0       1525   oled_draw.o
       484         18          0          0          0       4214   oled_driver.o
       184         24          0          0         88       1469   spi.o
        36          8        236          0       1024        756   startup_stm32f103xb.o
       164         28          0         12          0       5537   stm32f1xx_hal.o
       172         14          0          0          0      28058   stm32f1xx_hal_cortex.o
       506         34          0          0          0       3317   stm32f1xx_hal_gpio.o
        60          8          0          0          0        778   stm32f1xx_hal_msp.o
      1208         76          0          0          0       3890   stm32f1xx_hal_rcc.o
       752          4          0          0          0       4170   stm32f1xx_hal_spi.o
        20          0          0          0          0       3470   stm32f1xx_it.o
         2          0         16          4          0        983   system_stm32f1xx.o

    ----------------------------------------------------------------------
      4448        270       1308         20       3164     457549   Object Totals
         0          0         32          0          0          0   (incl. Generated)
        12          0          0          1          4          0   (incl. Padding)

    ----------------------------------------------------------------------

      Code (inc. data)   RO Data    RW Data    ZI Data      Debug   Library Member Name

         0          0          0          0          0          0   entry.o
         0          0          0          0          0          0   entry10a.o
         0          0          0          0          0          0   entry11a.o
         8          4          0          0          0          0   entry2.o
         4          0          0          0          0          0   entry5.o
         0          0          0          0          0          0   entry7b.o
         0          0          0          0          0          0   entry8b.o
         8          4          0          0          0          0   entry9a.o
        30          0          0          0          0          0   handlers.o
        36          8          0          0          0         68   init.o
        36          0          0          0          0        108   memseta.o

    ----------------------------------------------------------------------
       124         16          0          0          0        176   Library Totals
         2          0          0          0          0          0   (incl. Padding)

    ----------------------------------------------------------------------

      Code (inc. data)   RO Data    RW Data    ZI Data      Debug   Library Name

       122         16          0          0          0        176   mc_w.l

    ----------------------------------------------------------------------
       124         16          0          0          0        176   Library Totals

    ----------------------------------------------------------------------

==============================================================================


      Code (inc. data)   RO Data    RW Data    ZI Data      Debug   

      4572        286       1308         20       3164     455381   Grand Totals
      4572        286       1308         20       3164     455381   ELF Image Totals
      4572        286       1308         20          0          0   ROM Totals

==============================================================================

    Total RO  Size (Code + RO Data)                 5880 (   5.74kB)
    Total RW  Size (RW Data + ZI Data)              3184 (   3.11kB)
    Total ROM Size (Code + RO Data + RW Data)       5900 (   5.76kB)

==============================================================================

